ARM Linker, 5.03 [Build 76] [MDK-ARM Standard]

==============================================================================

Section Cross References

    startup_stm32f429_439xx.o(STACK) refers (Special) to heapauxi.o(.text) for __use_two_region_memory
    startup_stm32f429_439xx.o(HEAP) refers (Special) to heapauxi.o(.text) for __use_two_region_memory
    startup_stm32f429_439xx.o(RESET) refers (Special) to heapauxi.o(.text) for __use_two_region_memory
    startup_stm32f429_439xx.o(RESET) refers to startup_stm32f429_439xx.o(STACK) for __initial_sp
    startup_stm32f429_439xx.o(RESET) refers to startup_stm32f429_439xx.o(.text) for Reset_Handler
    startup_stm32f429_439xx.o(RESET) refers to stm32f429i_discovery_i2c_ee.o(i.DMA1_Stream2_IRQHandler) for DMA1_Stream2_IRQHandler
    startup_stm32f429_439xx.o(RESET) refers to stm32f429i_discovery_i2c_ee.o(i.DMA1_Stream4_IRQHandler) for DMA1_Stream4_IRQHandler
    startup_stm32f429_439xx.o(RESET) refers to usartlib.o(i.USART1_IRQHandler) for USART1_IRQHandler
    startup_stm32f429_439xx.o(.text) refers (Special) to heapauxi.o(.text) for __use_two_region_memory
    startup_stm32f429_439xx.o(.text) refers to system_stm32f4xx.o(i.SystemInit) for SystemInit
    startup_stm32f429_439xx.o(.text) refers to __main.o(!!!main) for __main
    startup_stm32f429_439xx.o(.text) refers to startup_stm32f429_439xx.o(HEAP) for Heap_Mem
    startup_stm32f429_439xx.o(.text) refers to startup_stm32f429_439xx.o(STACK) for Stack_Mem
    system_stm32f4xx.o(i.SystemCoreClockUpdate) refers to system_stm32f4xx.o(.data) for .data
    system_stm32f4xx.o(i.SystemInit) refers to system_stm32f4xx.o(i.SetSysClock) for SetSysClock
    main.o(i.GetUSARTData) refers to _printf_percent.o(.ARM.Collect$$_printf_percent$$00000000) for _printf_percent
    main.o(i.GetUSARTData) refers to _printf_s.o(.ARM.Collect$$_printf_percent$$00000014) for _printf_s
    main.o(i.GetUSARTData) refers to _printf_str.o(.text) for _printf_str
    main.o(i.GetUSARTData) refers to strstr.o(.text) for strstr
    main.o(i.GetUSARTData) refers to gps.o(i.GPS_GetCoord) for GPS_GetCoord
    main.o(i.GetUSARTData) refers to gps.o(i.GPS_GetDateTime) for GPS_GetDateTime
    main.o(i.GetUSARTData) refers to noretval__2printf.o(.text) for __2printf
    main.o(i.GetUSARTData) refers to stm32f429i_discovery_lcd.o(i.LCD_SetTextColor) for LCD_SetTextColor
    main.o(i.GetUSARTData) refers to stm32f429i_discovery_lcd.o(i.LCD_SetFont) for LCD_SetFont
    main.o(i.GetUSARTData) refers to noretval__2sprintf.o(.text) for __2sprintf
    main.o(i.GetUSARTData) refers to stm32f429i_discovery_lcd.o(i.LCD_GetFont) for LCD_GetFont
    main.o(i.GetUSARTData) refers to stm32f429i_discovery_lcd.o(i.LCD_DisplayStringLine) for LCD_DisplayStringLine
    main.o(i.GetUSARTData) refers to gps.o(i.GPS_SatInfo) for GPS_SatInfo
    main.o(i.GetUSARTData) refers to stm32f429i_discovery_lcd.o(.data) for Font16x24
    main.o(i.GetUSARTData) refers to stm32f429i_discovery_lcd.o(.data) for Font12x12
    main.o(i.GetUSARTData) refers to main.o(.data) for .data
    main.o(i.LCD_AF_GPIOConfig) refers to stm32f4xx_rcc.o(i.RCC_AHB1PeriphClockCmd) for RCC_AHB1PeriphClockCmd
    main.o(i.LCD_AF_GPIOConfig) refers to stm32f4xx_gpio.o(i.GPIO_PinAFConfig) for GPIO_PinAFConfig
    main.o(i.LCD_AF_GPIOConfig) refers to stm32f4xx_gpio.o(i.GPIO_Init) for GPIO_Init
    main.o(i.LCD_Config) refers to stm32f4xx_rcc.o(i.RCC_AHB1PeriphClockCmd) for RCC_AHB1PeriphClockCmd
    main.o(i.LCD_Config) refers to stm32f4xx_gpio.o(i.GPIO_Init) for GPIO_Init
    main.o(i.LCD_Config) refers to stm32f429i_discovery_lcd.o(i.LCD_CtrlLinesConfig) for LCD_CtrlLinesConfig
    main.o(i.LCD_Config) refers to stm32f429i_discovery_lcd.o(i.LCD_ChipSelect) for LCD_ChipSelect
    main.o(i.LCD_Config) refers to stm32f429i_discovery_lcd.o(i.LCD_SPIConfig) for LCD_SPIConfig
    main.o(i.LCD_Config) refers to stm32f429i_discovery_lcd.o(i.LCD_PowerOn) for LCD_PowerOn
    main.o(i.LCD_Config) refers to stm32f4xx_rcc.o(i.RCC_APB2PeriphClockCmd) for RCC_APB2PeriphClockCmd
    main.o(i.LCD_Config) refers to main.o(i.LCD_AF_GPIOConfig) for LCD_AF_GPIOConfig
    main.o(i.LCD_Config) refers to stm32f429i_discovery_sdram.o(i.SDRAM_Init) for SDRAM_Init
    main.o(i.LCD_Config) refers to stm32f4xx_rcc.o(i.RCC_PLLSAIConfig) for RCC_PLLSAIConfig
    main.o(i.LCD_Config) refers to stm32f4xx_rcc.o(i.RCC_LTDCCLKDivConfig) for RCC_LTDCCLKDivConfig
    main.o(i.LCD_Config) refers to stm32f4xx_rcc.o(i.RCC_PLLSAICmd) for RCC_PLLSAICmd
    main.o(i.LCD_Config) refers to stm32f4xx_rcc.o(i.RCC_GetFlagStatus) for RCC_GetFlagStatus
    main.o(i.LCD_Config) refers to stm32f4xx_ltdc.o(i.LTDC_Init) for LTDC_Init
    main.o(i.LCD_Config) refers to stm32f4xx_ltdc.o(i.LTDC_LayerInit) for LTDC_LayerInit
    main.o(i.LCD_Config) refers to stm32f4xx_ltdc.o(i.LTDC_DitherCmd) for LTDC_DitherCmd
    main.o(i.LCD_Config) refers to main.o(.constdata) for .constdata
[...]
    ..\\mylibs\\gps.c                        0x00000000   Number         0  gps.o ABSOLUTE
    ..\\mylibs\\usartlib.c                   0x00000000   Number         0  usartlib.o ABSOLUTE
    ..\mylibs\gps.c                          0x00000000   Number         0  gps.o ABSOLUTE
    ..\mylibs\swo.c                          0x00000000   Number         0  swo.o ABSOLUTE
    ..\mylibs\usartlib.c                     0x00000000   Number         0  usartlib.o ABSOLUTE
    dc.s                                     0x00000000   Number         0  dc.o ABSOLUTE
    main.c                                   0x00000000   Number         0  main.o ABSOLUTE
    main.c                                   0x00000000   Number         0  main.o ABSOLUTE
    startup_stm32f429_439xx.s                0x00000000   Number         0  startup_stm32f429_439xx.o ABSOLUTE
    system_stm32f4xx.c                       0x00000000   Number         0  system_stm32f4xx.o ABSOLUTE
    system_stm32f4xx.c                       0x00000000   Number         0  system_stm32f4xx.o ABSOLUTE
    RESET                                    0x08000000   Section      428  startup_stm32f429_439xx.o(RESET)
    !!!main                                  0x080001ac   Section        8  __main.o(!!!main)
    !!!scatter                               0x080001b4   Section       52  __scatter.o(!!!scatter)
    !!handler_copy                           0x080001e8   Section       26  __scatter_copy.o(!!handler_copy)
    !!handler_zi                             0x08000204   Section       28  __scatter_zi.o(!!handler_zi)
    .ARM.Collect$$_printf_percent$$00000000  0x08000220   Section        0  _printf_percent.o(.ARM.Collect$$_printf_percent$$00000000)
    .ARM.Collect$$_printf_percent$$00000009  0x08000220   Section        6  _printf_d.o(.ARM.Collect$$_printf_percent$$00000009)
    .ARM.Collect$$_printf_percent$$00000014  0x08000226   Section        6  _printf_s.o(.ARM.Collect$$_printf_percent$$00000014)
    .ARM.Collect$$_printf_percent$$00000017  0x0800022c   Section        4  _printf_percent_end.o(.ARM.Collect$$_printf_percent$$00000017)
    .ARM.Collect$$libinit$$00000000          0x08000230   Section        2  libinit.o(.ARM.Collect$$libinit$$00000000)
    .ARM.Collect$$libinit$$00000001          0x08000232   Section        4  libinit2.o(.ARM.Collect$$libinit$$00000001)
    .ARM.Collect$$libinit$$00000008          0x08000236   Section        0  libinit2.o(.ARM.Collect$$libinit$$00000008)
    .ARM.Collect$$libinit$$0000000A          0x08000236   Section        0  libinit2.o(.ARM.Collect$$libinit$$0000000A)
    .ARM.Collect$$libinit$$0000000C          0x08000236   Section        0  libinit2.o(.ARM.Collect$$libinit$$0000000C)
    .ARM.Collect$$libinit$$0000000D          0x08000236   Section        6  libinit2.o(.ARM.Collect$$libinit$$0000000D)
    .ARM.Collect$$libinit$$0000000F          0x0800023c   Section        0  libinit2.o(.ARM.Collect$$libinit$$0000000F)
    .ARM.Collect$$libinit$$00000010          0x0800023c   Section       12  libinit2.o(.ARM.Collect$$libinit$$00000010)
    .ARM.Collect$$libinit$$00000011          0x08000248   Section        0  libinit2.o(.ARM.Collect$$libinit$$00000011)
    .ARM.Collect$$libinit$$00000013          0x08000248   Section        0  libinit2.o(.ARM.Collect$$libinit$$00000013)
    .ARM.Collect$$libinit$$00000015          0x08000248   Section        0  libinit2.o(.ARM.Collect$$libinit$$00000015)
    .ARM.Collect$$libinit$$00000017          0x08000248   Section        0  libinit2.o(.ARM.Collect$$libinit$$00000017)
    .ARM.Collect$$libinit$$00000019          0x08000248   Section        0  libinit2.o(.ARM.Collect$$libinit$$00000019)
    .ARM.Collect$$libinit$$0000001B          0x08000248   Section        0  libinit2.o(.ARM.Collect$$libinit$$0000001B)
    .ARM.Collect$$libinit$$0000001D          0x08000248   Section        0  libinit2.o(.ARM.Collect$$libinit$$0000001D)
    .ARM.Collect$$libinit$$0000001F          0x08000248   Section        0  libinit2.o(.ARM.Collect$$libinit$$0000001F)
    .ARM.Collect$$libinit$$00000021          0x08000248   Section        0  libinit2.o(.ARM.Collect$$libinit$$00000021)
    .ARM.Collect$$libinit$$00000023          0x08000248   Section        0  libinit2.o(.ARM.Collect$$libinit$$00000023)
    .ARM.Collect$$libinit$$0000002A          0x08000248   Section        0  libinit2.o(.ARM.Collect$$libinit$$0000002A)
    .ARM.Collect$$libinit$$0000002C          0x08000248   Section        0  libinit2.o(.ARM.Collect$$libinit$$0000002C)
    .ARM.Collect$$libinit$$0000002E          0x08000248   Section        0  libinit2.o(.ARM.Collect$$libinit$$0000002E)
    .ARM.Collect$$libinit$$00000030          0x08000248   Section        0  libinit2.o(.ARM.Collect$$libinit$$00000030)
    .ARM.Collect$$libinit$$00000031          0x08000248   Section        2  libinit2.o(.ARM.Collect$$libinit$$00000031)
    .ARM.Collect$$libshutdown$$00000000      0x0800024a   Section        2  libshutdown.o(.ARM.Collect$$libshutdown$$00000000)
    .ARM.Collect$$libshutdown$$00000003      0x0800024c   Section        0  libshutdown2.o(.ARM.Collect$$libshutdown$$00000003)
    .ARM.Collect$$libshutdown$$00000006      0x0800024c   Section        0  libshutdown2.o(.ARM.Collect$$libshutdown$$00000006)
    .ARM.Collect$$libshutdown$$00000009      0x0800024c   Section        0  libshutdown2.o(.ARM.Collect$$libshutdown$$00000009)
    .ARM.Collect$$libshutdown$$0000000B      0x0800024c   Section        0  libshutdown2.o(.ARM.Collect$$libshutdown$$0000000B)
    .ARM.Collect$$libshutdown$$0000000E      0x0800024c   Section        0  libshutdown2.o(.ARM.Collect$$libshutdown$$0000000E)
    .ARM.Collect$$libshutdown$$0000000F      0x0800024c   Section        2  libshutdown2.o(.ARM.Collect$$libshutdown$$0000000F)
    .ARM.Collect$$rtentry$$00000000          0x0800024e   Section        0  rtentry.o(.ARM.Collect$$rtentry$$00000000)
    .ARM.Collect$$rtentry$$00000002          0x0800024e   Section        0  rtentry2.o(.ARM.Collect$$rtentry$$00000002)
    .ARM.Collect$$rtentry$$00000004          0x0800024e   Section        6  rtentry4.o(.ARM.Collect$$rtentry$$00000004)
    .ARM.Collect$$rtentry$$00000009          0x08000254   Section        0  rtentry2.o(.ARM.Collect$$rtentry$$00000009)
    .ARM.Collect$$rtentry$$0000000A          0x08000254   Section        4  rtentry2.o(.ARM.Collect$$rtentry$$0000000A)
    .ARM.Collect$$rtentry$$0000000C          0x08000258   Section        0  rtentry2.o(.ARM.Collect$$rtentry$$0000000C)
    .ARM.Collect$$rtentry$$0000000D          0x08000258   Section        8  rtentry2.o(.ARM.Collect$$rtentry$$0000000D)
    .ARM.Collect$$rtexit$$00000000           0x08000260   Section        2  rtexit.o(.ARM.Collect$$rtexit$$00000000)
    .ARM.Collect$$rtexit$$00000002           0x08000262   Section        0  rtexit2.o(.ARM.Collect$$rtexit$$00000002)
    .ARM.Collect$$rtexit$$00000003           0x08000262   Section        4  rtexit2.o(.ARM.Collect$$rtexit$$00000003)
    .ARM.Collect$$rtexit$$00000004           0x08000266   Section        6  rtexit2.o(.ARM.Collect$$rtexit$$00000004)
    .text                                    0x0800026c   Section       64  startup_stm32f429_439xx.o(.text)
    $v0                                      0x0800026c   Number         0  startup_stm32f429_439xx.o(.text)
    .text                                    0x080002ac   Section        0  noretval__2printf.o(.text)
    .text                                    0x080002c4   Section        0  noretval__2sprintf.o(.text)
    .text                                    0x080002ec   Section        0  __printf.o(.text)
    .text                                    0x08000354   Section        0  _printf_str.o(.text)
    .text                                    0x080003a8   Section        0  _printf_dec.o(.text)
    .text                                    0x08000420   Section        0  atoi.o(.text)
    .text                                    0x0800043a   Section        0  strstr.o(.text)
    .text                                    0x0800045e   Section        0  strcpy.o(.text)
    .text                                    0x080004a6   Section        0  strlen.o(.text)
    .text                                    0x080004e4   Section        0  strcat.o(.text)
    .text                                    0x080004fc   Section       86  strncpy.o(.text)
    .text                                    0x08000552   Section        0  heapauxi.o(.text)
    .text                                    0x08000558   Section        8  rt_errno_addr_intlibspace.o(.text)
    .text                                    0x08000560   Section        0  _printf_intcommon.o(.text)
    .text                                    0x08000618   Section        0  _printf_char_common.o(.text)
    _printf_input_char                       0x08000619   Thumb Code    10  _printf_char_common.o(.text)
    .text                                    0x08000648   Section        0  _sputc.o(.text)
    .text                                    0x08000652   Section        0  _printf_char.o(.text)
    .text                                    0x08000680   Section        0  _printf_char_file.o(.text)
    .text                                    0x080006a4   Section        0  strtol.o(.text)
    .text                                    0x08000714   Section       68  rt_memclr.o(.text)
    .text                                    0x08000758   Section        8  libspace.o(.text)
    .text                                    0x08000760   Section       16  rt_ctype_table.o(.text)
    .text                                    0x08000770   Section        0  _strtoul.o(.text)
    .text                                    0x0800080e   Section        0  ferror.o(.text)
    .text                                    0x08000816   Section       78  rt_memclr_w.o(.text)
    .text                                    0x08000864   Section       74  sys_stackheap_outer.o(.text)
    .text                                    0x080008b0   Section        8  rt_locale_intlibspace.o(.text)
    .text                                    0x080008b8   Section        0  _chval.o(.text)
    .text                                    0x080008d4   Section        0  exit.o(.text)
    .text                                    0x080008e0   Section      128  strcmpv7m.o(.text)
    .text                                    0x08000960   Section        0  sys_exit.o(.text)
    .text                                    0x0800096c   Section        2  use_no_semi.o(.text)
    .text                                    0x0800096e   Section        0  indicate_semi.o(.text)
    i.DMA1_Stream2_IRQHandler                0x08000970   Section        0  stm32f429i_discovery_i2c_ee.o(i.DMA1_Stream2_IRQHandler)
    i.DMA1_Stream4_IRQHandler                0x080009b4   Section        0  stm32f429i_discovery_i2c_ee.o(i.DMA1_Stream4_IRQHandler)
    i.DMA2D_DeInit                           0x08000a20   Section        0  stm32f4xx_dma2d.o(i.DMA2D_DeInit)
    i.DMA2D_GetFlagStatus                    0x08000a38   Section        0  stm32f4xx_dma2d.o(i.DMA2D_GetFlagStatus)
    i.DMA2D_Init                             0x08000a4c   Section        0  stm32f4xx_dma2d.o(i.DMA2D_Init)
    i.DMA2D_StartTransfer                    0x08000b00   Section        0  stm32f4xx_dma2d.o(i.DMA2D_StartTransfer)
    i.DMA_ClearFlag                          0x08000b10   Section        0  stm32f4xx_dma.o(i.DMA_ClearFlag)
    i.DMA_Cmd                                0x08000b3c   Section        0  stm32f4xx_dma.o(i.DMA_Cmd)
    i.DMA_GetFlagStatus                      0x08000b50   Section        0  stm32f4xx_dma.o(i.DMA_GetFlagStatus)
    i.EXTI_Init                              0x08000b84   Section        0  stm32f4xx_exti.o(i.EXTI_Init)
    i.FMC_GetFlagStatus                      0x08000bf4   Section        0  stm32f4xx_fmc.o(i.FMC_GetFlagStatus)
    i.FMC_SDRAMCmdConfig                     0x08000c2c   Section        0  stm32f4xx_fmc.o(i.FMC_SDRAMCmdConfig)
    i.FMC_SDRAMInit                          0x08000c50   Section        0  stm32f4xx_fmc.o(i.FMC_SDRAMInit)
    i.FMC_SetRefreshCount                    0x08000d2c   Section        0  stm32f4xx_fmc.o(i.FMC_SetRefreshCount)
    i.GPIO_Init                              0x08000d3c   Section        0  stm32f4xx_gpio.o(i.GPIO_Init)
    i.GPIO_PinAFConfig                       0x08000dde   Section        0  stm32f4xx_gpio.o(i.GPIO_PinAFConfig)
    i.GPIO_ResetBits                         0x08000dfe   Section        0  stm32f4xx_gpio.o(i.GPIO_ResetBits)
    i.GPIO_SetBits                           0x08000e02   Section        0  stm32f4xx_gpio.o(i.GPIO_SetBits)
    i.GPIO_StructInit                        0x08000e06   Section        0  stm32f4xx_gpio.o(i.GPIO_StructInit)
    i.GPIO_WriteBit                          0x08000e18   Section        0  stm32f4xx_gpio.o(i.GPIO_WriteBit)
    i.GPS_GetCoord                           0x08000e24   Section        0  gps.o(i.GPS_GetCoord)
    i.GPS_GetDateTime                        0x08000e94   Section        0  gps.o(i.GPS_GetDateTime)
    i.GPS_SatInfo                            0x08000edc   Section        0  gps.o(i.GPS_SatInfo)
    i.GetUSARTData                           0x08001028   Section        0  main.o(i.GetUSARTData)
    i.I2C_GenerateSTOP                       0x08001190   Section        0  stm32f4xx_i2c.o(i.I2C_GenerateSTOP)
    i.I2C_GetFlagStatus                      0x080011a4   Section        0  stm32f4xx_i2c.o(i.I2C_GetFlagStatus)
    i.InitUSART                              0x080011d0   Section        0  usartlib.o(i.InitUSART)
    i.LCD_AF_GPIOConfig                      0x08001278   Section        0  main.o(i.LCD_AF_GPIOConfig)
    LCD_AF_GPIOConfig                        0x08001279   Thumb Code   332  main.o(i.LCD_AF_GPIOConfig)
    i.LCD_AF_GPIOConfig                      0x080013dc   Section        0  stm32f429i_discovery_lcd.o(i.LCD_AF_GPIOConfig)
    LCD_AF_GPIOConfig                        0x080013dd   Thumb Code   344  stm32f429i_discovery_lcd.o(i.LCD_AF_GPIOConfig)
    i.LCD_ChipSelect                         0x0800154c   Section        0  stm32f429i_discovery_lcd.o(i.LCD_ChipSelect)
    i.LCD_Clear                              0x08001564   Section        0  stm32f429i_discovery_lcd.o(i.LCD_Clear)
    i.LCD_Config                             0x08001580   Section        0  main.o(i.LCD_Config)
    LCD_Config                               0x08001581   Thumb Code   264  main.o(i.LCD_Config)
    i.LCD_CtrlLinesConfig                    0x08001694   Section        0  stm32f429i_discovery_lcd.o(i.LCD_CtrlLinesConfig)
    i.LCD_CtrlLinesWrite                     0x080016e4   Section        0  stm32f429i_discovery_lcd.o(i.LCD_CtrlLinesWrite)
    i.LCD_DisplayChar                        0x080016e8   Section        0  stm32f429i_discovery_lcd.o(i.LCD_DisplayChar)
    i.LCD_DisplayStringLine                  0x08001708   Section        0  stm32f429i_discovery_lcd.o(i.LCD_DisplayStringLine)
    i.LCD_DrawChar                           0x08001744   Section        0  stm32f429i_discovery_lcd.o(i.LCD_DrawChar)
    i.LCD_DrawLine                           0x080017d0   Section        0  stm32f429i_discovery_lcd.o(i.LCD_DrawLine)
    i.LCD_GetFont                            0x08001848   Section        0  stm32f429i_discovery_lcd.o(i.LCD_GetFont)
    i.LCD_Init                               0x08001854   Section        0  stm32f429i_discovery_lcd.o(i.LCD_Init)
    i.LCD_LayerInit                          0x080018ec   Section        0  stm32f429i_discovery_lcd.o(i.LCD_LayerInit)
    i.LCD_PowerOn                            0x08001994   Section        0  stm32f429i_discovery_lcd.o(i.LCD_PowerOn)
    i.LCD_SPIConfig                          0x08001c24   Section        0  stm32f429i_discovery_lcd.o(i.LCD_SPIConfig)
    i.LCD_SetBackColor                       0x08001ce8   Section        0  stm32f429i_discovery_lcd.o(i.LCD_SetBackColor)
    i.LCD_SetFont                            0x08001cf4   Section        0  stm32f429i_discovery_lcd.o(i.LCD_SetFont)
    i.LCD_SetLayer                           0x08001d00   Section        0  stm32f429i_discovery_lcd.o(i.LCD_SetLayer)
    i.LCD_SetTextColor                       0x08001d20   Section        0  stm32f429i_discovery_lcd.o(i.LCD_SetTextColor)
    i.LCD_SetTransparency                    0x08001d2c   Section        0  stm32f429i_discovery_lcd.o(i.LCD_SetTransparency)
    i.LCD_WriteCommand                       0x08001d58   Section        0  stm32f429i_discovery_lcd.o(i.LCD_WriteCommand)
    i.LCD_WriteData                          0x08001da4   Section        0  stm32f429i_discovery_lcd.o(i.LCD_WriteData)
    i.LTDC_Cmd                               0x08001dec   Section        0  stm32f4xx_ltdc.o(i.LTDC_Cmd)
    i.LTDC_DitherCmd                         0x08001e08   Section        0  stm32f4xx_ltdc.o(i.LTDC_DitherCmd)
    i.LTDC_Init                              0x08001e24   Section        0  stm32f4xx_ltdc.o(i.LTDC_Init)
    i.LTDC_LayerAlpha                        0x08001ecc   Section        0  stm32f4xx_ltdc.o(i.LTDC_LayerAlpha)
    i.LTDC_LayerCmd                          0x08001ed0   Section        0  stm32f4xx_ltdc.o(i.LTDC_LayerCmd)
    i.LTDC_LayerInit                         0x08001ee4   Section        0  stm32f4xx_ltdc.o(i.LTDC_LayerInit)
    i.LTDC_LayerPosition                     0x08001f7c   Section        0  stm32f4xx_ltdc.o(i.LTDC_LayerPosition)
    i.LTDC_ReloadConfig                      0x08001ff0   Section        0  stm32f4xx_ltdc.o(i.LTDC_ReloadConfig)
    i.NVIC_Init                              0x08001ffc   Section        0  misc.o(i.NVIC_Init)
    i.RCC_AHB1PeriphClockCmd                 0x08002060   Section        0  stm32f4xx_rcc.o(i.RCC_AHB1PeriphClockCmd)
    i.RCC_AHB1PeriphResetCmd                 0x08002078   Section        0  stm32f4xx_rcc.o(i.RCC_AHB1PeriphResetCmd)
    i.RCC_AHB3PeriphClockCmd                 0x08002090   Section        0  stm32f4xx_rcc.o(i.RCC_AHB3PeriphClockCmd)
    i.RCC_APB1PeriphResetCmd                 0x080020a8   Section        0  stm32f4xx_rcc.o(i.RCC_APB1PeriphResetCmd)
    i.RCC_APB2PeriphClockCmd                 0x080020c0   Section        0  stm32f4xx_rcc.o(i.RCC_APB2PeriphClockCmd)
    i.RCC_APB2PeriphResetCmd                 0x080020d8   Section        0  stm32f4xx_rcc.o(i.RCC_APB2PeriphResetCmd)
    i.RCC_GetClocksFreq                      0x080020f0   Section        0  stm32f4xx_rcc.o(i.RCC_GetClocksFreq)
    i.RCC_GetFlagStatus                      0x08002180   Section        0  stm32f4xx_rcc.o(i.RCC_GetFlagStatus)
    i.RCC_LTDCCLKDivConfig                   0x080021b4   Section        0  stm32f4xx_rcc.o(i.RCC_LTDCCLKDivConfig)
    i.RCC_PLLSAICmd                          0x080021c8   Section        0  stm32f4xx_rcc.o(i.RCC_PLLSAICmd)
    i.RCC_PLLSAIConfig                       0x080021d4   Section        0  stm32f4xx_rcc.o(i.RCC_PLLSAIConfig)
    i.SDRAM_GPIOConfig                       0x080021e8   Section        0  stm32f429i_discovery_sdram.o(i.SDRAM_GPIOConfig)
    i.SDRAM_Init                             0x080023f8   Section        0  stm32f429i_discovery_sdram.o(i.SDRAM_Init)
    i.SDRAM_InitSequence                     0x08002454   Section        0  stm32f429i_discovery_sdram.o(i.SDRAM_InitSequence)
    i.SPI_Cmd                                0x08002508   Section        0  stm32f4xx_spi.o(i.SPI_Cmd)
    i.SPI_I2S_DeInit                         0x0800251c   Section        0  stm32f4xx_spi.o(i.SPI_I2S_DeInit)
    i.SPI_I2S_GetFlagStatus                  0x080025a0   Section        0  stm32f4xx_spi.o(i.SPI_I2S_GetFlagStatus)
    i.SPI_I2S_SendData                       0x080025ae   Section        0  stm32f4xx_spi.o(i.SPI_I2S_SendData)
    i.SPI_Init                               0x080025b2   Section        0  stm32f4xx_spi.o(i.SPI_Init)
    i.STM_EVAL_PBInit                        0x080025ec   Section        0  stm32f429i_discovery.o(i.STM_EVAL_PBInit)
    i.SYSCFG_EXTILineConfig                  0x08002688   Section        0  stm32f4xx_syscfg.o(i.SYSCFG_EXTILineConfig)
    i.SetSysClock                            0x080026b0   Section        0  system_stm32f4xx.o(i.SetSysClock)
    SetSysClock                              0x080026b1   Thumb Code   190  system_stm32f4xx.o(i.SetSysClock)
    i.SystemInit                             0x08002780   Section        0  system_stm32f4xx.o(i.SystemInit)
    i.USART1_IRQHandler                      0x080027dc   Section        0  usartlib.o(i.USART1_IRQHandler)
    i.USART_Cmd                              0x08002840   Section        0  stm32f4xx_usart.o(i.USART_Cmd)
    i.USART_GetITStatus                      0x08002854   Section        0  stm32f4xx_usart.o(i.USART_GetITStatus)
    i.USART_ITConfig                         0x08002892   Section        0  stm32f4xx_usart.o(i.USART_ITConfig)
    i.USART_Init                             0x080028c4   Section        0  stm32f4xx_usart.o(i.USART_Init)
    i.USART_ReceiveData                      0x0800297c   Section        0  stm32f4xx_usart.o(i.USART_ReceiveData)
    i.USART_StartReceive                     0x08002984   Section        0  usartlib.o(i.USART_StartReceive)
    i.USART_StructInit                       0x08002994   Section        0  stm32f4xx_usart.o(i.USART_StructInit)
    i.UpdateSats                             0x080029ac   Section        0  main.o(i.UpdateSats)
    i.cpy_left_from                          0x08002be4   Section        0  gps.o(i.cpy_left_from)
    i.cpy_left_to                            0x08002c1e   Section        0  gps.o(i.cpy_left_to)
    i.delay                                  0x08002c44   Section        0  main.o(i.delay)
    delay                                    0x08002c45   Thumb Code    22  main.o(i.delay)
    i.delay                                  0x08002c5a   Section        0  stm32f429i_discovery_lcd.o(i.delay)
    delay                                    0x08002c5b   Thumb Code    18  stm32f429i_discovery_lcd.o(i.delay)
    i.fputc                                  0x08002c6c   Section        0  swo.o(i.fputc)
    i.main                                   0x08002c88   Section        0  main.o(i.main)
    locale$$code                             0x08002d3c   Section       44  lc_ctype_c.o(locale$$code)
    x$fpl$fpinit                             0x08002d68   Section       10  fpinit.o(x$fpl$fpinit)
    $v0                                      0x08002d68   Number         0  fpinit.o(x$fpl$fpinit)
    .constdata                               0x08002d74   Section     7200  main.o(.constdata)
    .constdata                               0x08004994   Section       24  stm32f429i_discovery.o(.constdata)
    .constdata                               0x080049ac   Section     4560  stm32f429i_discovery_lcd.o(.constdata)
    .constdata                               0x08005b7c   Section     2304  stm32f429i_discovery_lcd.o(.constdata)
    .constdata                               0x0800647c   Section     1536  stm32f429i_discovery_lcd.o(.constdata)
    locale$$data                             0x08006a9c   Section      272  lc_ctype_c.o(locale$$data)
    __lcctype_c_name                         0x08006aa0   Data           2  lc_ctype_c.o(locale$$data)
    __lcctype_c_start                        0x08006aa8   Data           0  lc_ctype_c.o(locale$$data)
    __lcctype_c_end                          0x08006bac   Data           0  lc_ctype_c.o(locale$$data)
    .data                                    0x20000000   Section        4  main.o(.data)
    .data                                    0x20000004   Section       12  usartlib.o(.data)
    cnt                                      0x20000004   Data           1  usartlib.o(.data)
    .data                                    0x20000010   Section       16  gps.o(.data)
    .data                                    0x20000020   Section        4  swo.o(.data)
    .data                                    0x20000024   Section       16  stm32f4xx_rcc.o(.data)
    APBAHBPrescTable                         0x20000024   Data          16  stm32f4xx_rcc.o(.data)
    .data                                    0x20000034   Section       16  stm32f429i_discovery.o(.data)
    .data                                    0x20000044   Section       16  stm32f429i_discovery_i2c_ee.o(.data)
    .data                                    0x20000054   Section       24  stm32f429i_discovery_lcd.o(.data)
    CurrentTextColor                         0x20000054   Data           2  stm32f429i_discovery_lcd.o(.data)
    CurrentBackColor                         0x20000056   Data           2  stm32f429i_discovery_lcd.o(.data)
    CurrentFrameBuffer                       0x20000058   Data           4  stm32f429i_discovery_lcd.o(.data)
    CurrentLayer                             0x2000005c   Data           4  stm32f429i_discovery_lcd.o(.data)
    LCD_Currentfonts                         0x20000060   Data           4  stm32f429i_discovery_lcd.o(.data)
    .data                                    0x2000006c   Section        8  stm32f429i_discovery_lcd.o(.data)
    .data                                    0x20000074   Section        8  stm32f429i_discovery_lcd.o(.data)
    .bss                                     0x2000007c   Section       97  usartlib.o(.bss)
    .bss                                     0x200000e0   Section      200  gps.o(.bss)
    .bss                                     0x200001a8   Section       96  libspace.o(.bss)
    HEAP                                     0x20000208   Section      512  startup_stm32f429_439xx.o(HEAP)
    Heap_Mem                                 0x20000208   Data         512  startup_stm32f429_439xx.o(HEAP)
    STACK                                    0x20000408   Section     1024  startup_stm32f429_439xx.o(STACK)
    Stack_Mem                                0x20000408   Data        1024  startup_stm32f429_439xx.o(STACK)
    __initial_sp                             0x20000808   Data           0  startup_stm32f429_439xx.o(STACK)

    Global Symbols

    Symbol Name                              Value     Ov Type        Size  Object(Section)

    BuildAttributes$$THM_ISAv4$E$P$D$K$B$S$7EM$VFPi3$EXTD16$VFPS$VFMA$PE$A:L22UL41UL21$X:L11$S22US41US21$IEEE1$IW$USESV6$~STKCKD$USESV7$~SHL$OSPACE$ROPI$EBA8$UX$STANDARDLIB$REQ8$PRES8$EABIv2 0x00000000   Number         0  anon$$obj.o ABSOLUTE
    __ARM_use_no_argv                        0x00000000   Number         0  main.o ABSOLUTE
    __ARM_exceptions_init                     - Undefined Weak Reference
    __alloca_initialize                       - Undefined Weak Reference
    __cpp_initialize__aeabi_                  - Undefined Weak Reference
    __cxa_finalize                            - Undefined Weak Reference
    __sigvec_lookup                           - Undefined Weak Reference
    _atexit_init                              - Undefined Weak Reference
    _call_atexit_fns                          - Undefined Weak Reference
    _clock_init                               - Undefined Weak Reference
    _fp_trap_init                             - Undefined Weak Reference
    _fp_trap_shutdown                         - Undefined Weak Reference
    _get_lc_collate                           - Undefined Weak Reference
    _get_lc_monetary                          - Undefined Weak Reference
    _get_lc_numeric                           - Undefined Weak Reference
    _get_lc_time                              - Undefined Weak Reference
    _getenv_init                              - Undefined Weak Reference
    _handle_redirection                       - Undefined Weak Reference
    _init_alloc                               - Undefined Weak Reference
    _init_user_alloc                          - Undefined Weak Reference
    _initio                                   - Undefined Weak Reference
    _mutex_acquire                            - Undefined Weak Reference
    _mutex_release                            - Undefined Weak Reference
    _printf_mbtowc                            - Undefined Weak Reference
    _printf_post_padding                      - Undefined Weak Reference
    _printf_pre_padding                       - Undefined Weak Reference
    _printf_truncate_signed                   - Undefined Weak Reference
    _printf_truncate_unsigned                 - Undefined Weak Reference
    _rand_init                                - Undefined Weak Reference
    _signal_finish                            - Undefined Weak Reference
    _signal_init                              - Undefined Weak Reference
    _terminate_alloc                          - Undefined Weak Reference
    _terminate_user_alloc                     - Undefined Weak Reference
    _terminateio                              - Undefined Weak Reference
    __Vectors_Size                           0x000001ac   Number         0  startup_stm32f429_439xx.o ABSOLUTE
    __Vectors                                0x08000000   Data           4  startup_stm32f429_439xx.o(RESET)
    __Vectors_End                            0x080001ac   Data           0  startup_stm32f429_439xx.o(RESET)
    __main                                   0x080001ad   Thumb Code     8  __main.o(!!!main)
    __scatterload                            0x080001b5   Thumb Code     0  __scatter.o(!!!scatter)
    __scatterload_rt2                        0x080001b5   Thumb Code    44  __scatter.o(!!!scatter)
    __scatterload_rt2_thumb_only             0x080001b5   Thumb Code     0  __scatter.o(!!!scatter)
    __scatterload_null                       0x080001c3   Thumb Code     0  __scatter.o(!!!scatter)
    __scatterload_copy                       0x080001e9   Thumb Code    26  __scatter_copy.o(!!handler_copy)
    __scatterload_zeroinit                   0x08000205   Thumb Code    28  __scatter_zi.o(!!handler_zi)
    _printf_d                                0x08000221   Thumb Code     0  _printf_d.o(.ARM.Collect$$_printf_percent$$00000009)
    _printf_percent                          0x08000221   Thumb Code     0  _printf_percent.o(.ARM.Collect$$_printf_percent$$00000000)
    _printf_s                                0x08000227   Thumb Code     0  _printf_s.o(.ARM.Collect$$_printf_percent$$00000014)
    _printf_percent_end                      0x0800022d   Thumb Code     0  _printf_percent_end.o(.ARM.Collect$$_printf_percent$$00000017)
    __rt_lib_init                            0x08000231   Thumb Code     0  libinit.o(.ARM.Collect$$libinit$$00000000)
    __rt_lib_init_fp_1                       0x08000233   Thumb Code     0  libinit2.o(.ARM.Collect$$libinit$$00000001)
    __rt_lib_init_heap_1                     0x08000237   Thumb Code     0  libinit2.o(.ARM.Collect$$libinit$$00000008)
    __rt_lib_init_lc_common                  0x08000237   Thumb Code     0  libinit2.o(.ARM.Collect$$libinit$$0000000D)
    __rt_lib_init_rand_1                     0x08000237   Thumb Code     0  libinit2.o(.ARM.Collect$$libinit$$0000000C)
    __rt_lib_init_user_alloc_1               0x08000237   Thumb Code     0  libinit2.o(.ARM.Collect$$libinit$$0000000A)
    __rt_lib_init_lc_collate_1               0x0800023d   Thumb Code     0  libinit2.o(.ARM.Collect$$libinit$$0000000F)
    __rt_lib_init_lc_ctype_2                 0x0800023d   Thumb Code     0  libinit2.o(.ARM.Collect$$libinit$$00000010)
    __rt_lib_init_alloca_1                   0x08000249   Thumb Code     0  libinit2.o(.ARM.Collect$$libinit$$0000002C)
    __rt_lib_init_argv_1                     0x08000249   Thumb Code     0  libinit2.o(.ARM.Collect$$libinit$$0000002A)
    __rt_lib_init_atexit_1                   0x08000249   Thumb Code     0  libinit2.o(.ARM.Collect$$libinit$$00000019)
    __rt_lib_init_clock_1                    0x08000249   Thumb Code     0  libinit2.o(.ARM.Collect$$libinit$$0000001F)
    __rt_lib_init_cpp_1                      0x08000249   Thumb Code     0  libinit2.o(.ARM.Collect$$libinit$$00000030)
    __rt_lib_init_exceptions_1               0x08000249   Thumb Code     0  libinit2.o(.ARM.Collect$$libinit$$0000002E)
    __rt_lib_init_fp_trap_1                  0x08000249   Thumb Code     0  libinit2.o(.ARM.Collect$$libinit$$0000001D)
    __rt_lib_init_getenv_1                   0x08000249   Thumb Code     0  libinit2.o(.ARM.Collect$$libinit$$00000021)
    __rt_lib_init_lc_ctype_1                 0x08000249   Thumb Code     0  libinit2.o(.ARM.Collect$$libinit$$00000011)
    __rt_lib_init_lc_monetary_1              0x08000249   Thumb Code     0  libinit2.o(.ARM.Collect$$libinit$$00000013)
    __rt_lib_init_lc_numeric_1               0x08000249   Thumb Code     0  libinit2.o(.ARM.Collect$$libinit$$00000015)
    __rt_lib_init_lc_time_1                  0x08000249   Thumb Code     0  libinit2.o(.ARM.Collect$$libinit$$00000017)
    __rt_lib_init_return                     0x08000249   Thumb Code     0  libinit2.o(.ARM.Collect$$libinit$$00000031)
    __rt_lib_init_signal_1                   0x08000249   Thumb Code     0  libinit2.o(.ARM.Collect$$libinit$$0000001B)
    __rt_lib_init_stdio_1                    0x08000249   Thumb Code     0  libinit2.o(.ARM.Collect$$libinit$$00000023)
    __rt_lib_shutdown                        0x0800024b   Thumb Code     0  libshutdown.o(.ARM.Collect$$libshutdown$$00000000)
    __rt_lib_shutdown_fp_trap_1              0x0800024d   Thumb Code     0  libshutdown2.o(.ARM.Collect$$libshutdown$$00000006)
    __rt_lib_shutdown_heap_1                 0x0800024d   Thumb Code     0  libshutdown2.o(.ARM.Collect$$libshutdown$$0000000E)
    __rt_lib_shutdown_return                 0x0800024d   Thumb Code     0  libshutdown2.o(.ARM.Collect$$libshutdown$$0000000F)
    __rt_lib_shutdown_signal_1               0x0800024d   Thumb Code     0  libshutdown2.o(.ARM.Collect$$libshutdown$$00000009)
    __rt_lib_shutdown_stdio_1                0x0800024d   Thumb Code     0  libshutdown2.o(.ARM.Collect$$libshutdown$$00000003)
    __rt_lib_shutdown_user_alloc_1           0x0800024d   Thumb Code     0  libshutdown2.o(.ARM.Collect$$libshutdown$$0000000B)
    __rt_entry                               0x0800024f   Thumb Code     0  rtentry.o(.ARM.Collect$$rtentry$$00000000)
    __rt_entry_presh_1                       0x0800024f   Thumb Code     0  rtentry2.o(.ARM.Collect$$rtentry$$00000002)
    __rt_entry_sh                            0x0800024f   Thumb Code     0  rtentry4.o(.ARM.Collect$$rtentry$$00000004)
    __rt_entry_li                            0x08000255   Thumb Code     0  rtentry2.o(.ARM.Collect$$rtentry$$0000000A)
    __rt_entry_postsh_1                      0x08000255   Thumb Code     0  rtentry2.o(.ARM.Collect$$rtentry$$00000009)
    __rt_entry_main                          0x08000259   Thumb Code     0  rtentry2.o(.ARM.Collect$$rtentry$$0000000D)
    __rt_entry_postli_1                      0x08000259   Thumb Code     0  rtentry2.o(.ARM.Collect$$rtentry$$0000000C)
    __rt_exit                                0x08000261   Thumb Code     0  rtexit.o(.ARM.Collect$$rtexit$$00000000)
    __rt_exit_ls                             0x08000263   Thumb Code     0  rtexit2.o(.ARM.Collect$$rtexit$$00000003)
    __rt_exit_prels_1                        0x08000263   Thumb Code     0  rtexit2.o(.ARM.Collect$$rtexit$$00000002)
    __rt_exit_exit                           0x08000267   Thumb Code     0  rtexit2.o(.ARM.Collect$$rtexit$$00000004)
    Reset_Handler                            0x0800026d   Thumb Code     8  startup_stm32f429_439xx.o(.text)
    NMI_Handler                              0x08000275   Thumb Code     2  startup_stm32f429_439xx.o(.text)
    HardFault_Handler                        0x08000277   Thumb Code     2  startup_stm32f429_439xx.o(.text)
    MemManage_Handler                        0x08000279   Thumb Code     2  startup_stm32f429_439xx.o(.text)
    BusFault_Handler                         0x0800027b   Thumb Code     2  startup_stm32f429_439xx.o(.text)
    UsageFault_Handler                       0x0800027d   Thumb Code     2  startup_stm32f429_439xx.o(.text)
    SVC_Handler                              0x0800027f   Thumb Code     2  startup_stm32f429_439xx.o(.text)
    DebugMon_Handler                         0x08000281   Thumb Code     2  startup_stm32f429_439xx.o(.text)
    PendSV_Handler                           0x08000283   Thumb Code     2  startup_stm32f429_439xx.o(.text)
    SysTick_Handler                          0x08000285   Thumb Code     2  startup_stm32f429_439xx.o(.text)
    ADC_IRQHandler                           0x08000287   Thumb Code     0  startup_stm32f429_439xx.o(.text)
    CAN1_RX0_IRQHandler                      0x08000287   Thumb Code     0  startup_stm32f429_439xx.o(.text)
    CAN1_RX1_IRQHandler                      0x08000287   Thumb Code     0  startup_stm32f429_439xx.o(.text)
    CAN1_SCE_IRQHandler                      0x08000287   Thumb Code     0  startup_stm32f429_439xx.o(.text)
    CAN1_TX_IRQHandler                       0x08000287   Thumb Code     0  startup_stm32f429_439xx.o(.text)
    CAN2_RX0_IRQHandler                      0x08000287   Thumb Code     0  startup_stm32f429_439xx.o(.text)
    CAN2_RX1_IRQHandler                      0x08000287   Thumb Code     0  startup_stm32f429_439xx.o(.text)
    CAN2_SCE_IRQHandler                      0x08000287   Thumb Code     0  startup_stm32f429_439xx.o(.text)
    CAN2_TX_IRQHandler                       0x08000287   Thumb Code     0  startup_stm32f429_439xx.o(.text)
    CRYP_IRQHandler                          0x08000287   Thumb Code     0  startup_stm32f429_439xx.o(.text)
    DCMI_IRQHandler                          0x08000287   Thumb Code     0  startup_stm32f429_439xx.o(.text)
    DMA1_Stream0_IRQHandler                  0x08000287   Thumb Code     0  startup_stm32f429_439xx.o(.text)
    DMA1_Stream1_IRQHandler                  0x08000287   Thumb Code     0  startup_stm32f429_439xx.o(.text)
    DMA1_Stream3_IRQHandler                  0x08000287   Thumb Code     0  startup_stm32f429_439xx.o(.text)
    DMA1_Stream5_IRQHandler                  0x08000287   Thumb Code     0  startup_stm32f429_439xx.o(.text)
    DMA1_Stream6_IRQHandler                  0x08000287   Thumb Code     0  startup_stm32f429_439xx.o(.text)
    DMA1_Stream7_IRQHandler                  0x08000287   Thumb Code     0  startup_stm32f429_439xx.o(.text)
    DMA2D_IRQHandler                         0x08000287   Thumb Code     0  startup_stm32f429_439xx.o(.text)
    DMA2_Stream0_IRQHandler                  0x08000287   Thumb Code     0  startup_stm32f429_439xx.o(.text)
    DMA2_Stream1_IRQHandler                  0x08000287   Thumb Code     0  startup_stm32f429_439xx.o(.text)
    DMA2_Stream2_IRQHandler                  0x08000287   Thumb Code     0  startup_stm32f429_439xx.o(.text)
    DMA2_Stream3_IRQHandler                  0x08000287   Thumb Code     0  startup_stm32f429_439xx.o(.text)
    DMA2_Stream4_IRQHandler                  0x08000287   Thumb Code     0  startup_stm32f429_439xx.o(.text)
    DMA2_Stream5_IRQHandler                  0x08000287   Thumb Code     0  startup_stm32f429_439xx.o(.text)
    DMA2_Stream6_IRQHandler                  0x08000287   Thumb Code     0  startup_stm32f429_439xx.o(.text)
    DMA2_Stream7_IRQHandler                  0x08000287   Thumb Code     0  startup_stm32f429_439xx.o(.text)
    ETH_IRQHandler                           0x08000287   Thumb Code     0  startup_stm32f429_439xx.o(.text)
    ETH_WKUP_IRQHandler                      0x08000287   Thumb Code     0  startup_stm32f429_439xx.o(.text)
    EXTI0_IRQHandler                         0x08000287   Thumb Code     0  startup_stm32f429_439xx.o(.text)
    EXTI15_10_IRQHandler                     0x08000287   Thumb Code     0  startup_stm32f429_439xx.o(.text)
    EXTI1_IRQHandler                         0x08000287   Thumb Code     0  startup_stm32f429_439xx.o(.text)
    EXTI2_IRQHandler                         0x08000287   Thumb Code     0  startup_stm32f429_439xx.o(.text)
    EXTI3_IRQHandler                         0x08000287   Thumb Code     0  startup_stm32f429_439xx.o(.text)
    EXTI4_IRQHandler                         0x08000287   Thumb Code     0  startup_stm32f429_439xx.o(.text)
    EXTI9_5_IRQHandler                       0x08000287   Thumb Code     0  startup_stm32f429_439xx.o(.text)
    FLASH_IRQHandler                         0x08000287   Thumb Code     0  startup_stm32f429_439xx.o(.text)
    FMC_IRQHandler                           0x08000287   Thumb Code     0  startup_stm32f429_439xx.o(.text)
    FPU_IRQHandler                           0x08000287   Thumb Code     0  startup_stm32f429_439xx.o(.text)
    HASH_RNG_IRQHandler                      0x08000287   Thumb Code     0  startup_stm32f429_439xx.o(.text)
    I2C1_ER_IRQHandler                       0x08000287   Thumb Code     0  startup_stm32f429_439xx.o(.text)
    I2C1_EV_IRQHandler                       0x08000287   Thumb Code     0  startup_stm32f429_439xx.o(.text)
    I2C2_ER_IRQHandler                       0x08000287   Thumb Code     0  startup_stm32f429_439xx.o(.text)
    I2C2_EV_IRQHandler                       0x08000287   Thumb Code     0  startup_stm32f429_439xx.o(.text)
    I2C3_ER_IRQHandler                       0x08000287   Thumb Code     0  startup_stm32f429_439xx.o(.text)
    I2C3_EV_IRQHandler                       0x08000287   Thumb Code     0  startup_stm32f429_439xx.o(.text)
    LTDC_ER_IRQHandler                       0x08000287   Thumb Code     0  startup_stm32f429_439xx.o(.text)
    LTDC_IRQHandler                          0x08000287   Thumb Code     0  startup_stm32f429_439xx.o(.text)
    OTG_FS_IRQHandler                        0x08000287   Thumb Code     0  startup_stm32f429_439xx.o(.text)
    OTG_FS_WKUP_IRQHandler                   0x08000287   Thumb Code     0  startup_stm32f429_439xx.o(.text)
    OTG_HS_EP1_IN_IRQHandler                 0x08000287   Thumb Code     0  startup_stm32f429_439xx.o(.text)
    OTG_HS_EP1_OUT_IRQHandler                0x08000287   Thumb Code     0  startup_stm32f429_439xx.o(.text)
    OTG_HS_IRQHandler                        0x08000287   Thumb Code     0  startup_stm32f429_439xx.o(.text)
    OTG_HS_WKUP_IRQHandler                   0x08000287   Thumb Code     0  startup_stm32f429_439xx.o(.text)
    PVD_IRQHandler                           0x08000287   Thumb Code     0  startup_stm32f429_439xx.o(.text)
    RCC_IRQHandler                           0x08000287   Thumb Code     0  startup_stm32f429_439xx.o(.text)
    RTC_Alarm_IRQHandler                     0x08000287   Thumb Code     0  startup_stm32f429_439xx.o(.text)
    RTC_WKUP_IRQHandler                      0x08000287   Thumb Code     0  startup_stm32f429_439xx.o(.text)
    SAI1_IRQHandler                          0x08000287   Thumb Code     0  startup_stm32f429_439xx.o(.text)
    SDIO_IRQHandler                          0x08000287   Thumb Code     0  startup_stm32f429_439xx.o(.text)
    SPI1_IRQHandler                          0x08000287   Thumb Code     0  startup_stm32f429_439xx.o(.text)
    SPI2_IRQHandler                          0x08000287   Thumb Code     0  startup_stm32f429_439xx.o(.text)
    SPI3_IRQHandler                          0x08000287   Thumb Code     0  startup_stm32f429_439xx.o(.text)
    SPI4_IRQHandler                          0x08000287   Thumb Code     0  startup_stm32f429_439xx.o(.text)
    SPI5_IRQHandler                          0x08000287   Thumb Code     0  startup_stm32f429_439xx.o(.text)
    SPI6_IRQHandler                          0x08000287   Thumb Code     0  startup_stm32f429_439xx.o(.text)
    TAMP_STAMP_IRQHandler                    0x08000287   Thumb Code     0  startup_stm32f429_439xx.o(.text)
    TIM1_BRK_TIM9_IRQHandler                 0x08000287   Thumb Code     0  startup_stm32f429_439xx.o(.text)
    TIM1_CC_IRQHandler                       0x08000287   Thumb Code     0  startup_stm32f429_439xx.o(.text)
    TIM1_TRG_COM_TIM11_IRQHandler            0x08000287   Thumb Code     0  startup_stm32f429_439xx.o(.text)
    TIM1_UP_TIM10_IRQHandler                 0x08000287   Thumb Code     0  startup_stm32f429_439xx.o(.text)
    TIM2_IRQHandler                          0x08000287   Thumb Code     0  startup_stm32f429_439xx.o(.text)
    TIM3_IRQHandler                          0x08000287   Thumb Code     0  startup_stm32f429_439xx.o(.text)
    TIM4_IRQHandler                          0x08000287   Thumb Code     0  startup_stm32f429_439xx.o(.text)
    TIM5_IRQHandler                          0x08000287   Thumb Code     0  startup_stm32f429_439xx.o(.text)
    TIM6_DAC_IRQHandler                      0x08000287   Thumb Code     0  startup_stm32f429_439xx.o(.text)
    TIM7_IRQHandler                          0x08000287   Thumb Code     0  startup_stm32f429_439xx.o(.text)
    TIM8_BRK_TIM12_IRQHandler                0x08000287   Thumb Code     0  startup_stm32f429_439xx.o(.text)
    TIM8_CC_IRQHandler                       0x08000287   Thumb Code     0  startup_stm32f429_439xx.o(.text)
    TIM8_TRG_COM_TIM14_IRQHandler            0x08000287   Thumb Code     0  startup_stm32f429_439xx.o(.text)
    TIM8_UP_TIM13_IRQHandler                 0x08000287   Thumb Code     0  startup_stm32f429_439xx.o(.text)
    UART4_IRQHandler                         0x08000287   Thumb Code     0  startup_stm32f429_439xx.o(.text)
    UART5_IRQHandler                         0x08000287   Thumb Code     0  startup_stm32f429_439xx.o(.text)
    UART7_IRQHandler                         0x08000287   Thumb Code     0  startup_stm32f429_439xx.o(.text)
    UART8_IRQHandler                         0x08000287   Thumb Code     0  startup_stm32f429_439xx.o(.text)
    USART2_IRQHandler                        0x08000287   Thumb Code     0  startup_stm32f429_439xx.o(.text)
    USART3_IRQHandler                        0x08000287   Thumb Code     0  startup_stm32f429_439xx.o(.text)
    USART6_IRQHandler                        0x08000287   Thumb Code     0  startup_stm32f429_439xx.o(.text)
    WWDG_IRQHandler                          0x08000287   Thumb Code     0  startup_stm32f429_439xx.o(.text)
    __user_initial_stackheap                 0x08000289   Thumb Code     0  startup_stm32f429_439xx.o(.text)
    __2printf                                0x080002ad   Thumb Code    20  noretval__2printf.o(.text)
    __2sprintf                               0x080002c5   Thumb Code    34  noretval__2sprintf.o(.text)
    __printf                                 0x080002ed   Thumb Code   104  __printf.o(.text)
    _printf_str                              0x08000355   Thumb Code    82  _printf_str.o(.text)
    _printf_int_dec                          0x080003a9   Thumb Code   102  _printf_dec.o(.text)
    atoi                                     0x08000421   Thumb Code    26  atoi.o(.text)
    strstr                                   0x0800043b   Thumb Code    36  strstr.o(.text)
    strcpy                                   0x0800045f   Thumb Code    72  strcpy.o(.text)
    strlen                                   0x080004a7   Thumb Code    62  strlen.o(.text)
    strcat                                   0x080004e5   Thumb Code    24  strcat.o(.text)
    strncpy                                  0x080004fd   Thumb Code    86  strncpy.o(.text)
    __use_two_region_memory                  0x08000553   Thumb Code     2  heapauxi.o(.text)
    __rt_heap_escrow$2region                 0x08000555   Thumb Code     2  heapauxi.o(.text)
    __rt_heap_expand$2region                 0x08000557   Thumb Code     2  heapauxi.o(.text)
    __aeabi_errno_addr                       0x08000559   Thumb Code     8  rt_errno_addr_intlibspace.o(.text)
    __errno$intlibspace                      0x08000559   Thumb Code     0  rt_errno_addr_intlibspace.o(.text)
    __rt_errno_addr$intlibspace              0x08000559   Thumb Code     0  rt_errno_addr_intlibspace.o(.text)
    _printf_int_common                       0x08000561   Thumb Code   184  _printf_intcommon.o(.text)
    _printf_char_common                      0x08000623   Thumb Code    32  _printf_char_common.o(.text)
    _sputc                                   0x08000649   Thumb Code    10  _sputc.o(.text)
    _printf_cs_common                        0x08000653   Thumb Code    20  _printf_char.o(.text)
    _printf_char                             0x08000667   Thumb Code    16  _printf_char.o(.text)
    _printf_string                           0x08000677   Thumb Code     8  _printf_char.o(.text)
    _printf_char_file                        0x08000681   Thumb Code    32  _printf_char_file.o(.text)
    strtol                                   0x080006a5   Thumb Code   112  strtol.o(.text)
    __aeabi_memclr                           0x08000715   Thumb Code     0  rt_memclr.o(.text)
    __rt_memclr                              0x08000715   Thumb Code    68  rt_memclr.o(.text)
    _memset                                  0x08000719   Thumb Code     0  rt_memclr.o(.text)
    __user_libspace                          0x08000759   Thumb Code     8  libspace.o(.text)
    __user_perproc_libspace                  0x08000759   Thumb Code     0  libspace.o(.text)
    __user_perthread_libspace                0x08000759   Thumb Code     0  libspace.o(.text)
    __rt_ctype_table                         0x08000761   Thumb Code    16  rt_ctype_table.o(.text)
    _strtoul                                 0x08000771   Thumb Code   158  _strtoul.o(.text)
    ferror                                   0x0800080f   Thumb Code     8  ferror.o(.text)
    __aeabi_memclr4                          0x08000817   Thumb Code     0  rt_memclr_w.o(.text)
    __aeabi_memclr8                          0x08000817   Thumb Code     0  rt_memclr_w.o(.text)
    __rt_memclr_w                            0x08000817   Thumb Code    78  rt_memclr_w.o(.text)
    _memset_w                                0x0800081b   Thumb Code     0  rt_memclr_w.o(.text)
    __user_setup_stackheap                   0x08000865   Thumb Code    74  sys_stackheap_outer.o(.text)
    __rt_locale                              0x080008b1   Thumb Code     8  rt_locale_intlibspace.o(.text)
    _chval                                   0x080008b9   Thumb Code    28  _chval.o(.text)
    exit                                     0x080008d5   Thumb Code    12  exit.o(.text)
    strcmp                                   0x080008e1   Thumb Code   128  strcmpv7m.o(.text)
    _sys_exit                                0x08000961   Thumb Code     8  sys_exit.o(.text)
    __I$use$semihosting                      0x0800096d   Thumb Code     0  use_no_semi.o(.text)
    __use_no_semihosting_swi                 0x0800096d   Thumb Code     2  use_no_semi.o(.text)
    __semihosting_library_function           0x0800096f   Thumb Code     0  indicate_semi.o(.text)
    DMA1_Stream2_IRQHandler                  0x08000971   Thumb Code    54  stm32f429i_discovery_i2c_ee.o(i.DMA1_Stream2_IRQHandler)
    DMA1_Stream4_IRQHandler                  0x080009b5   Thumb Code    86  stm32f429i_discovery_i2c_ee.o(i.DMA1_Stream4_IRQHandler)
    DMA2D_DeInit                             0x08000a21   Thumb Code    24  stm32f4xx_dma2d.o(i.DMA2D_DeInit)
    DMA2D_GetFlagStatus                      0x08000a39   Thumb Code    16  stm32f4xx_dma2d.o(i.DMA2D_GetFlagStatus)
    DMA2D_Init                               0x08000a4d   Thumb Code   170  stm32f4xx_dma2d.o(i.DMA2D_Init)
    DMA2D_StartTransfer                      0x08000b01   Thumb Code    12  stm32f4xx_dma2d.o(i.DMA2D_StartTransfer)
    DMA_ClearFlag                            0x08000b11   Thumb Code    32  stm32f4xx_dma.o(i.DMA_ClearFlag)
    DMA_Cmd                                  0x08000b3d   Thumb Code    20  stm32f4xx_dma.o(i.DMA_Cmd)
    DMA_GetFlagStatus                        0x08000b51   Thumb Code    40  stm32f4xx_dma.o(i.DMA_GetFlagStatus)
    EXTI_Init                                0x08000b85   Thumb Code   108  stm32f4xx_exti.o(i.EXTI_Init)
    FMC_GetFlagStatus                        0x08000bf5   Thumb Code    54  stm32f4xx_fmc.o(i.FMC_GetFlagStatus)
    FMC_SDRAMCmdConfig                       0x08000c2d   Thumb Code    30  stm32f4xx_fmc.o(i.FMC_SDRAMCmdConfig)
    FMC_SDRAMInit                            0x08000c51   Thumb Code   214  stm32f4xx_fmc.o(i.FMC_SDRAMInit)
    FMC_SetRefreshCount                      0x08000d2d   Thumb Code    12  stm32f4xx_fmc.o(i.FMC_SetRefreshCount)
    GPIO_Init                                0x08000d3d   Thumb Code   162  stm32f4xx_gpio.o(i.GPIO_Init)
    GPIO_PinAFConfig                         0x08000ddf   Thumb Code    32  stm32f4xx_gpio.o(i.GPIO_PinAFConfig)
    GPIO_ResetBits                           0x08000dff   Thumb Code     4  stm32f4xx_gpio.o(i.GPIO_ResetBits)
    GPIO_SetBits                             0x08000e03   Thumb Code     4  stm32f4xx_gpio.o(i.GPIO_SetBits)
    GPIO_StructInit                          0x08000e07   Thumb Code    18  stm32f4xx_gpio.o(i.GPIO_StructInit)
    GPIO_WriteBit                            0x08000e19   Thumb Code    10  stm32f4xx_gpio.o(i.GPIO_WriteBit)
    GPS_GetCoord                             0x08000e25   Thumb Code    82  gps.o(i.GPS_GetCoord)
    GPS_GetDateTime                          0x08000e95   Thumb Code    60  gps.o(i.GPS_GetDateTime)
    GPS_SatInfo                              0x08000edd   Thumb Code   304  gps.o(i.GPS_SatInfo)
    GetUSARTData                             0x08001029   Thumb Code   238  main.o(i.GetUSARTData)
    I2C_GenerateSTOP                         0x08001191   Thumb Code    20  stm32f4xx_i2c.o(i.I2C_GenerateSTOP)
    I2C_GetFlagStatus                        0x080011a5   Thumb Code    42  stm32f4xx_i2c.o(i.I2C_GetFlagStatus)
    InitUSART                                0x080011d1   Thumb Code   146  usartlib.o(i.InitUSART)
    LCD_ChipSelect                           0x0800154d   Thumb Code    20  stm32f429i_discovery_lcd.o(i.LCD_ChipSelect)
    LCD_Clear                                0x08001565   Thumb Code    24  stm32f429i_discovery_lcd.o(i.LCD_Clear)
    LCD_CtrlLinesConfig                      0x08001695   Thumb Code    72  stm32f429i_discovery_lcd.o(i.LCD_CtrlLinesConfig)
    LCD_CtrlLinesWrite                       0x080016e5   Thumb Code     4  stm32f429i_discovery_lcd.o(i.LCD_CtrlLinesWrite)
    LCD_DisplayChar                          0x080016e9   Thumb Code    26  stm32f429i_discovery_lcd.o(i.LCD_DisplayChar)
    LCD_DisplayStringLine                    0x08001709   Thumb Code    54  stm32f429i_discovery_lcd.o(i.LCD_DisplayStringLine)
    LCD_DrawChar                             0x08001745   Thumb Code   134  stm32f429i_discovery_lcd.o(i.LCD_DrawChar)
    LCD_DrawLine                             0x080017d1   Thumb Code   116  stm32f429i_discovery_lcd.o(i.LCD_DrawLine)
    LCD_GetFont                              0x08001849   Thumb Code     6  stm32f429i_discovery_lcd.o(i.LCD_GetFont)
    LCD_Init                                 0x08001855   Thumb Code   152  stm32f429i_discovery_lcd.o(i.LCD_Init)
    LCD_LayerInit                            0x080018ed   Thumb Code   156  stm32f429i_discovery_lcd.o(i.LCD_LayerInit)
    LCD_PowerOn                              0x08001995   Thumb Code   654  stm32f429i_discovery_lcd.o(i.LCD_PowerOn)
    LCD_SPIConfig                            0x08001c25   Thumb Code   188  stm32f429i_discovery_lcd.o(i.LCD_SPIConfig)
    LCD_SetBackColor                         0x08001ce9   Thumb Code     6  stm32f429i_discovery_lcd.o(i.LCD_SetBackColor)
    LCD_SetFont                              0x08001cf5   Thumb Code     6  stm32f429i_discovery_lcd.o(i.LCD_SetFont)
    LCD_SetLayer                             0x08001d01   Thumb Code    24  stm32f429i_discovery_lcd.o(i.LCD_SetLayer)
    LCD_SetTextColor                         0x08001d21   Thumb Code     6  stm32f429i_discovery_lcd.o(i.LCD_SetTextColor)
    LCD_SetTransparency                      0x08001d2d   Thumb Code    36  stm32f429i_discovery_lcd.o(i.LCD_SetTransparency)
    LCD_WriteCommand                         0x08001d59   Thumb Code    66  stm32f429i_discovery_lcd.o(i.LCD_WriteCommand)
    LCD_WriteData                            0x08001da5   Thumb Code    64  stm32f429i_discovery_lcd.o(i.LCD_WriteData)
    LTDC_Cmd                                 0x08001ded   Thumb Code    22  stm32f4xx_ltdc.o(i.LTDC_Cmd)
    LTDC_DitherCmd                           0x08001e09   Thumb Code    22  stm32f4xx_ltdc.o(i.LTDC_DitherCmd)
    LTDC_Init                                0x08001e25   Thumb Code   156  stm32f4xx_ltdc.o(i.LTDC_Init)
    LTDC_LayerAlpha                          0x08001ecd   Thumb Code     4  stm32f4xx_ltdc.o(i.LTDC_LayerAlpha)
    LTDC_LayerCmd                            0x08001ed1   Thumb Code    20  stm32f4xx_ltdc.o(i.LTDC_LayerCmd)
    LTDC_LayerInit                           0x08001ee5   Thumb Code   150  stm32f4xx_ltdc.o(i.LTDC_LayerInit)
    LTDC_LayerPosition                       0x08001f7d   Thumb Code   112  stm32f4xx_ltdc.o(i.LTDC_LayerPosition)
    LTDC_ReloadConfig                        0x08001ff1   Thumb Code     6  stm32f4xx_ltdc.o(i.LTDC_ReloadConfig)
    NVIC_Init                                0x08001ffd   Thumb Code    92  misc.o(i.NVIC_Init)
    RCC_AHB1PeriphClockCmd                   0x08002061   Thumb Code    18  stm32f4xx_rcc.o(i.RCC_AHB1PeriphClockCmd)
    RCC_AHB1PeriphResetCmd                   0x08002079   Thumb Code    18  stm32f4xx_rcc.o(i.RCC_AHB1PeriphResetCmd)
    RCC_AHB3PeriphClockCmd                   0x08002091   Thumb Code    18  stm32f4xx_rcc.o(i.RCC_AHB3PeriphClockCmd)
    RCC_APB1PeriphResetCmd                   0x080020a9   Thumb Code    18  stm32f4xx_rcc.o(i.RCC_APB1PeriphResetCmd)
    RCC_APB2PeriphClockCmd                   0x080020c1   Thumb Code    18  stm32f4xx_rcc.o(i.RCC_APB2PeriphClockCmd)
    RCC_APB2PeriphResetCmd                   0x080020d9   Thumb Code    18  stm32f4xx_rcc.o(i.RCC_APB2PeriphResetCmd)
    RCC_GetClocksFreq                        0x080020f1   Thumb Code   132  stm32f4xx_rcc.o(i.RCC_GetClocksFreq)
    RCC_GetFlagStatus                        0x08002181   Thumb Code    46  stm32f4xx_rcc.o(i.RCC_GetFlagStatus)
    RCC_LTDCCLKDivConfig                     0x080021b5   Thumb Code    14  stm32f4xx_rcc.o(i.RCC_LTDCCLKDivConfig)
    RCC_PLLSAICmd                            0x080021c9   Thumb Code     6  stm32f4xx_rcc.o(i.RCC_PLLSAICmd)
    RCC_PLLSAIConfig                         0x080021d5   Thumb Code    16  stm32f4xx_rcc.o(i.RCC_PLLSAIConfig)
    SDRAM_GPIOConfig                         0x080021e9   Thumb Code   504  stm32f429i_discovery_sdram.o(i.SDRAM_GPIOConfig)
    SDRAM_Init                               0x080023f9   Thumb Code    92  stm32f429i_discovery_sdram.o(i.SDRAM_Init)
    SDRAM_InitSequence                       0x08002455   Thumb Code   174  stm32f429i_discovery_sdram.o(i.SDRAM_InitSequence)
    SPI_Cmd                                  0x08002509   Thumb Code    20  stm32f4xx_spi.o(i.SPI_Cmd)
    SPI_I2S_DeInit                           0x0800251d   Thumb Code   108  stm32f4xx_spi.o(i.SPI_I2S_DeInit)
    SPI_I2S_GetFlagStatus                    0x080025a1   Thumb Code    14  stm32f4xx_spi.o(i.SPI_I2S_GetFlagStatus)
    SPI_I2S_SendData                         0x080025af   Thumb Code     4  stm32f4xx_spi.o(i.SPI_I2S_SendData)
    SPI_Init                                 0x080025b3   Thumb Code    56  stm32f4xx_spi.o(i.SPI_Init)
    STM_EVAL_PBInit                          0x080025ed   Thumb Code   146  stm32f429i_discovery.o(i.STM_EVAL_PBInit)
    SYSCFG_EXTILineConfig                    0x08002689   Thumb Code    34  stm32f4xx_syscfg.o(i.SYSCFG_EXTILineConfig)
    SystemInit                               0x08002781   Thumb Code    74  system_stm32f4xx.o(i.SystemInit)
    USART1_IRQHandler                        0x080027dd   Thumb Code    88  usartlib.o(i.USART1_IRQHandler)
    USART_Cmd                                0x08002841   Thumb Code    20  stm32f4xx_usart.o(i.USART_Cmd)
    USART_GetITStatus                        0x08002855   Thumb Code    62  stm32f4xx_usart.o(i.USART_GetITStatus)
    USART_ITConfig                           0x08002893   Thumb Code    48  stm32f4xx_usart.o(i.USART_ITConfig)
    USART_Init                               0x080028c5   Thumb Code   174  stm32f4xx_usart.o(i.USART_Init)
    USART_ReceiveData                        0x0800297d   Thumb Code     8  stm32f4xx_usart.o(i.USART_ReceiveData)
    USART_StartReceive                       0x08002985   Thumb Code    12  usartlib.o(i.USART_StartReceive)
    USART_StructInit                         0x08002995   Thumb Code    22  stm32f4xx_usart.o(i.USART_StructInit)
    UpdateSats                               0x080029ad   Thumb Code   506  main.o(i.UpdateSats)
    cpy_left_from                            0x08002be5   Thumb Code    58  gps.o(i.cpy_left_from)
    cpy_left_to                              0x08002c1f   Thumb Code    38  gps.o(i.cpy_left_to)
    fputc                                    0x08002c6d   Thumb Code    22  swo.o(i.fputc)
    main                                     0x08002c89   Thumb Code   172  main.o(i.main)
    _get_lc_ctype                            0x08002d3d   Thumb Code    44  lc_ctype_c.o(locale$$code)
    _fp_init                                 0x08002d69   Thumb Code    10  fpinit.o(x$fpl$fpinit)
    __fplib_config_fpu_vfp                   0x08002d71   Thumb Code     0  fpinit.o(x$fpl$fpinit)
    __fplib_config_pureend_doubles           0x08002d71   Thumb Code     0  fpinit.o(x$fpl$fpinit)
    logo                                     0x08002d74   Data        7200  main.o(.constdata)
    BUTTON_PORT_SOURCE                       0x08004994   Data           1  stm32f429i_discovery.o(.constdata)
    BUTTON_PIN_SOURCE                        0x08004995   Data           1  stm32f429i_discovery.o(.constdata)
    BUTTON_IRQn                              0x08004996   Data           1  stm32f429i_discovery.o(.constdata)
    BUTTON_PIN                               0x08004998   Data           2  stm32f429i_discovery.o(.constdata)
    BUTTON_EXTI_LINE                         0x0800499a   Data           2  stm32f429i_discovery.o(.constdata)
    GPIO_PIN                                 0x0800499c   Data           4  stm32f429i_discovery.o(.constdata)
    BUTTON_CLK                               0x080049a0   Data           4  stm32f429i_discovery.o(.constdata)
    GPIO_CLK                                 0x080049a4   Data           8  stm32f429i_discovery.o(.constdata)
    ASCII16x24_Table                         0x080049ac   Data        4560  stm32f429i_discovery_lcd.o(.constdata)
    ASCII12x12_Table                         0x08005b7c   Data        2304  stm32f429i_discovery_lcd.o(.constdata)
    ASCII8x8_Table                           0x0800647c   Data        1536  stm32f429i_discovery_lcd.o(.constdata)
    Region$$Table$$Base                      0x08006a7c   Number         0  anon$$obj.o(Region$$Table)
    Region$$Table$$Limit                     0x08006a9c   Number         0  anon$$obj.o(Region$$Table)
    __ctype                                  0x08006aa9   Data           0  lc_ctype_c.o(locale$$data)
    WAIT_SAT_DRAW                            0x20000000   Data           4  main.o(.data)
    USART_CfgGPIO                            0x20000008   Data           8  usartlib.o(.data)
    ready_to_accept                          0x20000010   Data           4  gps.o(.data)
    sat_packets                              0x20000014   Data           4  gps.o(.data)
    pack_cur                                 0x20000018   Data           4  gps.o(.data)
    data_ready                               0x2000001c   Data           4  gps.o(.data)
    __stdout                                 0x20000020   Data           4  swo.o(.data)
    BUTTON_PORT                              0x20000034   Data           4  stm32f429i_discovery.o(.data)
    NVIC_InitStructure                       0x20000038   Data           4  stm32f429i_discovery.o(.data)
    GPIO_PORT                                0x2000003c   Data           8  stm32f429i_discovery.o(.data)
    sEEDataNum                               0x20000044   Data           1  stm32f429i_discovery_i2c_ee.o(.data)
    sEEAddress                               0x20000046   Data           2  stm32f429i_discovery_i2c_ee.o(.data)
    sEETimeout                               0x20000048   Data           4  stm32f429i_discovery_i2c_ee.o(.data)
    sEEDataReadPointer                       0x2000004c   Data           4  stm32f429i_discovery_i2c_ee.o(.data)
    sEEDataWritePointer                      0x20000050   Data           4  stm32f429i_discovery_i2c_ee.o(.data)
    Font16x24                                0x20000064   Data           8  stm32f429i_discovery_lcd.o(.data)
    Font12x12                                0x2000006c   Data           8  stm32f429i_discovery_lcd.o(.data)
    Font8x8                                  0x20000074   Data           8  stm32f429i_discovery_lcd.o(.data)
    USART_CfgUSART                           0x2000007c   Data          16  usartlib.o(.bss)
    received_string                          0x2000008c   Data          81  usartlib.o(.bss)
    satsarr                                  0x200000e0   Data         200  gps.o(.bss)
    __libspace_start                         0x200001a8   Data          96  libspace.o(.bss)
    __temporary_stack_top$libspace           0x20000208   Data           0  libspace.o(.bss)



==============================================================================

Memory Map of the image

  Image Entry point : 0x080001ad

  Load Region LR_IROM1 (Base: 0x08000000, Size: 0x00006c28, Max: 0x00200000, ABSOLUTE)

    Execution Region ER_IROM1 (Base: 0x08000000, Size: 0x00006bac, Max: 0x00200000, ABSOLUTE)

    Base Addr    Size         Type   Attr      Idx    E Section Name        Object

    0x08000000   0x000001ac   Data   RO            3    RESET               startup_stm32f429_439xx.o
    0x080001ac   0x00000008   Code   RO         3577  * !!!main             c_w.l(__main.o)
    0x080001b4   0x00000034   Code   RO         3775    !!!scatter          c_w.l(__scatter.o)
    0x080001e8   0x0000001a   Code   RO         3777    !!handler_copy      c_w.l(__scatter_copy.o)
    0x08000202   0x00000002   PAD
    0x08000204   0x0000001c   Code   RO         3779    !!handler_zi        c_w.l(__scatter_zi.o)
    0x08000220   0x00000000   Code   RO         3562    .ARM.Collect$$_printf_percent$$00000000  c_w.l(_printf_percent.o)
    0x08000220   0x00000006   Code   RO         3561    .ARM.Collect$$_printf_percent$$00000009  c_w.l(_printf_d.o)
    0x08000226   0x00000006   Code   RO         3560    .ARM.Collect$$_printf_percent$$00000014  c_w.l(_printf_s.o)
    0x0800022c   0x00000004   Code   RO         3595    .ARM.Collect$$_printf_percent$$00000017  c_w.l(_printf_percent_end.o)
    0x08000230   0x00000002   Code   RO         3649    .ARM.Collect$$libinit$$00000000  c_w.l(libinit.o)
    0x08000232   0x00000004   Code   RO         3654    .ARM.Collect$$libinit$$00000001  c_w.l(libinit2.o)
    0x08000236   0x00000000   Code   RO         3658    .ARM.Collect$$libinit$$00000008  c_w.l(libinit2.o)
    0x08000236   0x00000000   Code   RO         3660    .ARM.Collect$$libinit$$0000000A  c_w.l(libinit2.o)
    0x08000236   0x00000000   Code   RO         3662    .ARM.Collect$$libinit$$0000000C  c_w.l(libinit2.o)
    0x08000236   0x00000006   Code   RO         3663    .ARM.Collect$$libinit$$0000000D  c_w.l(libinit2.o)
    0x0800023c   0x00000000   Code   RO         3665    .ARM.Collect$$libinit$$0000000F  c_w.l(libinit2.o)
    0x0800023c   0x0000000c   Code   RO         3666    .ARM.Collect$$libinit$$00000010  c_w.l(libinit2.o)
    0x08000248   0x00000000   Code   RO         3667    .ARM.Collect$$libinit$$00000011  c_w.l(libinit2.o)
    0x08000248   0x00000000   Code   RO         3669    .ARM.Collect$$libinit$$00000013  c_w.l(libinit2.o)
    0x08000248   0x00000000   Code   RO         3671    .ARM.Collect$$libinit$$00000015  c_w.l(libinit2.o)
    0x08000248   0x00000000   Code   RO         3673    .ARM.Collect$$libinit$$00000017  c_w.l(libinit2.o)
    0x08000248   0x00000000   Code   RO         3675    .ARM.Collect$$libinit$$00000019  c_w.l(libinit2.o)
    0x08000248   0x00000000   Code   RO         3677    .ARM.Collect$$libinit$$0000001B  c_w.l(libinit2.o)
    0x08000248   0x00000000   Code   RO         3679    .ARM.Collect$$libinit$$0000001D  c_w.l(libinit2.o)
    0x08000248   0x00000000   Code   RO         3681    .ARM.Collect$$libinit$$0000001F  c_w.l(libinit2.o)
    0x08000248   0x00000000   Code   RO         3683    .ARM.Collect$$libinit$$00000021  c_w.l(libinit2.o)
    0x08000248   0x00000000   Code   RO         3685    .ARM.Collect$$libinit$$00000023  c_w.l(libinit2.o)
    0x08000248   0x00000000   Code   RO         3689    .ARM.Collect$$libinit$$0000002A  c_w.l(libinit2.o)
    0x08000248   0x00000000   Code   RO         3691    .ARM.Collect$$libinit$$0000002C  c_w.l(libinit2.o)
    0x08000248   0x00000000   Code   RO         3693    .ARM.Collect$$libinit$$0000002E  c_w.l(libinit2.o)
    0x08000248   0x00000000   Code   RO         3695    .ARM.Collect$$libinit$$00000030  c_w.l(libinit2.o)
    0x08000248   0x00000002   Code   RO         3696    .ARM.Collect$$libinit$$00000031  c_w.l(libinit2.o)
    0x0800024a   0x00000002   Code   RO         3716    .ARM.Collect$$libshutdown$$00000000  c_w.l(libshutdown.o)
    0x0800024c   0x00000000   Code   RO         3730    .ARM.Collect$$libshutdown$$00000003  c_w.l(libshutdown2.o)
    0x0800024c   0x00000000   Code   RO         3733    .ARM.Collect$$libshutdown$$00000006  c_w.l(libshutdown2.o)
    0x0800024c   0x00000000   Code   RO         3736    .ARM.Collect$$libshutdown$$00000009  c_w.l(libshutdown2.o)
    0x0800024c   0x00000000   Code   RO         3738    .ARM.Collect$$libshutdown$$0000000B  c_w.l(libshutdown2.o)
    0x0800024c   0x00000000   Code   RO         3741    .ARM.Collect$$libshutdown$$0000000E  c_w.l(libshutdown2.o)
    0x0800024c   0x00000002   Code   RO         3742    .ARM.Collect$$libshutdown$$0000000F  c_w.l(libshutdown2.o)
    0x0800024e   0x00000000   Code   RO         3579    .ARM.Collect$$rtentry$$00000000  c_w.l(rtentry.o)
    0x0800024e   0x00000000   Code   RO         3604    .ARM.Collect$$rtentry$$00000002  c_w.l(rtentry2.o)
    0x0800024e   0x00000006   Code   RO         3616    .ARM.Collect$$rtentry$$00000004  c_w.l(rtentry4.o)
    0x08000254   0x00000000   Code   RO         3606    .ARM.Collect$$rtentry$$00000009  c_w.l(rtentry2.o)
    0x08000254   0x00000004   Code   RO         3607    .ARM.Collect$$rtentry$$0000000A  c_w.l(rtentry2.o)
    0x08000258   0x00000000   Code   RO         3609    .ARM.Collect$$rtentry$$0000000C  c_w.l(rtentry2.o)
    0x08000258   0x00000008   Code   RO         3610    .ARM.Collect$$rtentry$$0000000D  c_w.l(rtentry2.o)
    0x08000260   0x00000002   Code   RO         3650    .ARM.Collect$$rtexit$$00000000  c_w.l(rtexit.o)
    0x08000262   0x00000000   Code   RO         3698    .ARM.Collect$$rtexit$$00000002  c_w.l(rtexit2.o)
    0x08000262   0x00000004   Code   RO         3699    .ARM.Collect$$rtexit$$00000003  c_w.l(rtexit2.o)
    0x08000266   0x00000006   Code   RO         3700    .ARM.Collect$$rtexit$$00000004  c_w.l(rtexit2.o)
    0x0800026c   0x00000040   Code   RO            4    .text               startup_stm32f429_439xx.o
    0x080002ac   0x00000018   Code   RO         3530    .text               c_w.l(noretval__2printf.o)
    0x080002c4   0x00000028   Code   RO         3532    .text               c_w.l(noretval__2sprintf.o)
    0x080002ec   0x00000068   Code   RO         3534    .text               c_w.l(__printf.o)
    0x08000354   0x00000052   Code   RO         3536    .text               c_w.l(_printf_str.o)
    0x080003a6   0x00000002   PAD
    0x080003a8   0x00000078   Code   RO         3538    .text               c_w.l(_printf_dec.o)
    0x08000420   0x0000001a   Code   RO         3563    .text               c_w.l(atoi.o)
    0x0800043a   0x00000024   Code   RO         3565    .text               c_w.l(strstr.o)
    0x0800045e   0x00000048   Code   RO         3567    .text               c_w.l(strcpy.o)
    0x080004a6   0x0000003e   Code   RO         3569    .text               c_w.l(strlen.o)
    0x080004e4   0x00000018   Code   RO         3571    .text               c_w.l(strcat.o)
    0x080004fc   0x00000056   Code   RO         3573    .text               c_w.l(strncpy.o)
    0x08000552   0x00000006   Code   RO         3575    .text               c_w.l(heapauxi.o)
    0x08000558   0x00000008   Code   RO         3583    .text               c_w.l(rt_errno_addr_intlibspace.o)
    0x08000560   0x000000b8   Code   RO         3585    .text               c_w.l(_printf_intcommon.o)
    0x08000618   0x00000030   Code   RO         3587    .text               c_w.l(_printf_char_common.o)
    0x08000648   0x0000000a   Code   RO         3589    .text               c_w.l(_sputc.o)
    0x08000652   0x0000002c   Code   RO         3591    .text               c_w.l(_printf_char.o)
    0x0800067e   0x00000002   PAD
    0x08000680   0x00000024   Code   RO         3593    .text               c_w.l(_printf_char_file.o)
    0x080006a4   0x00000070   Code   RO         3596    .text               c_w.l(strtol.o)
    0x08000714   0x00000044   Code   RO         3598    .text               c_w.l(rt_memclr.o)
    0x08000758   0x00000008   Code   RO         3600    .text               c_w.l(libspace.o)
    0x08000760   0x00000010   Code   RO         3618    .text               c_w.l(rt_ctype_table.o)
    0x08000770   0x0000009e   Code   RO         3622    .text               c_w.l(_strtoul.o)
    0x0800080e   0x00000008   Code   RO         3624    .text               c_w.l(ferror.o)
    0x08000816   0x0000004e   Code   RO         3628    .text               c_w.l(rt_memclr_w.o)
    0x08000864   0x0000004a   Code   RO         3630    .text               c_w.l(sys_stackheap_outer.o)
    0x080008ae   0x00000002   PAD
    0x080008b0   0x00000008   Code   RO         3635    .text               c_w.l(rt_locale_intlibspace.o)
    0x080008b8   0x0000001c   Code   RO         3637    .text               c_w.l(_chval.o)
    0x080008d4   0x0000000c   Code   RO         3642    .text               c_w.l(exit.o)
    0x080008e0   0x00000080   Code   RO         3652    .text               c_w.l(strcmpv7m.o)
    0x08000960   0x0000000c   Code   RO         3708    .text               c_w.l(sys_exit.o)
    0x0800096c   0x00000002   Code   RO         3719    .text               c_w.l(use_no_semi.o)
    0x0800096e   0x00000000   Code   RO         3721    .text               c_w.l(indicate_semi.o)
    0x0800096e   0x00000002   PAD
    0x08000970   0x00000044   Code   RO         2841    i.DMA1_Stream2_IRQHandler  stm32f429i_discovery_i2c_ee.o
    0x080009b4   0x0000006c   Code   RO         2842    i.DMA1_Stream4_IRQHandler  stm32f429i_discovery_i2c_ee.o
    0x08000a20   0x00000018   Code   RO         2546    i.DMA2D_DeInit      stm32f4xx_dma2d.o
    0x08000a38   0x00000014   Code   RO         2551    i.DMA2D_GetFlagStatus  stm32f4xx_dma2d.o
    0x08000a4c   0x000000b4   Code   RO         2554    i.DMA2D_Init        stm32f4xx_dma2d.o
    0x08000b00   0x00000010   Code   RO         2556    i.DMA2D_StartTransfer  stm32f4xx_dma2d.o
    0x08000b10   0x0000002c   Code   RO          624    i.DMA_ClearFlag     stm32f4xx_dma.o
    0x08000b3c   0x00000014   Code   RO          626    i.DMA_Cmd           stm32f4xx_dma.o
    0x08000b50   0x00000034   Code   RO          635    i.DMA_GetFlagStatus  stm32f4xx_dma.o
    0x08000b84   0x00000070   Code   RO          758    i.EXTI_Init         stm32f4xx_exti.o
    0x08000bf4   0x00000036   Code   RO          817    i.FMC_GetFlagStatus  stm32f4xx_fmc.o
    0x08000c2a   0x00000002   PAD
    0x08000c2c   0x00000024   Code   RO          834    i.FMC_SDRAMCmdConfig  stm32f4xx_fmc.o
    0x08000c50   0x000000dc   Code   RO          836    i.FMC_SDRAMInit     stm32f4xx_fmc.o
    0x08000d2c   0x00000010   Code   RO          840    i.FMC_SetRefreshCount  stm32f4xx_fmc.o
    0x08000d3c   0x000000a2   Code   RO          991    i.GPIO_Init         stm32f4xx_gpio.o
    0x08000dde   0x00000020   Code   RO          992    i.GPIO_PinAFConfig  stm32f4xx_gpio.o
    0x08000dfe   0x00000004   Code   RO          998    i.GPIO_ResetBits    stm32f4xx_gpio.o
    0x08000e02   0x00000004   Code   RO          999    i.GPIO_SetBits      stm32f4xx_gpio.o
    0x08000e06   0x00000012   Code   RO         1000    i.GPIO_StructInit   stm32f4xx_gpio.o
    0x08000e18   0x0000000a   Code   RO         1003    i.GPIO_WriteBit     stm32f4xx_gpio.o
    0x08000e22   0x00000002   PAD
    0x08000e24   0x00000070   Code   RO          313    i.GPS_GetCoord      gps.o
    0x08000e94   0x00000048   Code   RO          314    i.GPS_GetDateTime   gps.o
    0x08000edc   0x0000014c   Code   RO          315    i.GPS_SatInfo       gps.o
    0x08001028   0x00000168   Code   RO          156    i.GetUSARTData      main.o
    0x08001190   0x00000014   Code   RO         1104    i.I2C_GenerateSTOP  stm32f4xx_i2c.o
    0x080011a4   0x0000002a   Code   RO         1105    i.I2C_GetFlagStatus  stm32f4xx_i2c.o
    0x080011ce   0x00000002   PAD
    0x080011d0   0x000000a8   Code   RO          258    i.InitUSART         usartlib.o
    0x08001278   0x00000164   Code   RO          157    i.LCD_AF_GPIOConfig  main.o
    0x080013dc   0x00000170   Code   RO         3160    i.LCD_AF_GPIOConfig  stm32f429i_discovery_lcd.o
    0x0800154c   0x00000018   Code   RO         3161    i.LCD_ChipSelect    stm32f429i_discovery_lcd.o
    0x08001564   0x0000001c   Code   RO         3162    i.LCD_Clear         stm32f429i_discovery_lcd.o
    0x08001580   0x00000114   Code   RO          158    i.LCD_Config        main.o
    0x08001694   0x00000050   Code   RO         3166    i.LCD_CtrlLinesConfig  stm32f429i_discovery_lcd.o
    0x080016e4   0x00000004   Code   RO         3167    i.LCD_CtrlLinesWrite  stm32f429i_discovery_lcd.o
    0x080016e8   0x00000020   Code   RO         3169    i.LCD_DisplayChar   stm32f429i_discovery_lcd.o
    0x08001708   0x0000003c   Code   RO         3172    i.LCD_DisplayStringLine  stm32f429i_discovery_lcd.o
    0x08001744   0x0000008c   Code   RO         3173    i.LCD_DrawChar      stm32f429i_discovery_lcd.o
    0x080017d0   0x00000078   Code   RO         3179    i.LCD_DrawLine      stm32f429i_discovery_lcd.o
    0x08001848   0x0000000c   Code   RO         3186    i.LCD_GetFont       stm32f429i_discovery_lcd.o
    0x08001854   0x00000098   Code   RO         3187    i.LCD_Init          stm32f429i_discovery_lcd.o
    0x080018ec   0x000000a8   Code   RO         3188    i.LCD_LayerInit     stm32f429i_discovery_lcd.o
    0x08001994   0x0000028e   Code   RO         3192    i.LCD_PowerOn       stm32f429i_discovery_lcd.o
    0x08001c22   0x00000002   PAD
    0x08001c24   0x000000c4   Code   RO         3194    i.LCD_SPIConfig     stm32f429i_discovery_lcd.o
    0x08001ce8   0x0000000c   Code   RO         3195    i.LCD_SetBackColor  stm32f429i_discovery_lcd.o
    0x08001cf4   0x0000000c   Code   RO         3200    i.LCD_SetFont       stm32f429i_discovery_lcd.o
    0x08001d00   0x00000020   Code   RO         3201    i.LCD_SetLayer      stm32f429i_discovery_lcd.o
    0x08001d20   0x0000000c   Code   RO         3202    i.LCD_SetTextColor  stm32f429i_discovery_lcd.o
    0x08001d2c   0x0000002c   Code   RO         3203    i.LCD_SetTransparency  stm32f429i_discovery_lcd.o
    0x08001d58   0x0000004c   Code   RO         3207    i.LCD_WriteCommand  stm32f429i_discovery_lcd.o
    0x08001da4   0x00000048   Code   RO         3208    i.LCD_WriteData     stm32f429i_discovery_lcd.o
    0x08001dec   0x0000001c   Code   RO         1317    i.LTDC_Cmd          stm32f4xx_ltdc.o
    0x08001e08   0x0000001c   Code   RO         1321    i.LTDC_DitherCmd    stm32f4xx_ltdc.o
    0x08001e24   0x000000a8   Code   RO         1328    i.LTDC_Init         stm32f4xx_ltdc.o
    0x08001ecc   0x00000004   Code   RO         1331    i.LTDC_LayerAlpha   stm32f4xx_ltdc.o
    0x08001ed0   0x00000014   Code   RO         1332    i.LTDC_LayerCmd     stm32f4xx_ltdc.o
    0x08001ee4   0x00000096   Code   RO         1333    i.LTDC_LayerInit    stm32f4xx_ltdc.o
    0x08001f7a   0x00000002   PAD
    0x08001f7c   0x00000074   Code   RO         1335    i.LTDC_LayerPosition  stm32f4xx_ltdc.o
    0x08001ff0   0x0000000c   Code   RO         1340    i.LTDC_ReloadConfig  stm32f4xx_ltdc.o
    0x08001ffc   0x00000064   Code   RO         2724    i.NVIC_Init         misc.o
    0x08002060   0x00000018   Code   RO         1506    i.RCC_AHB1PeriphClockCmd  stm32f4xx_rcc.o
    0x08002078   0x00000018   Code   RO         1508    i.RCC_AHB1PeriphResetCmd  stm32f4xx_rcc.o
    0x08002090   0x00000018   Code   RO         1512    i.RCC_AHB3PeriphClockCmd  stm32f4xx_rcc.o
    0x080020a8   0x00000018   Code   RO         1517    i.RCC_APB1PeriphResetCmd  stm32f4xx_rcc.o
    0x080020c0   0x00000018   Code   RO         1518    i.RCC_APB2PeriphClockCmd  stm32f4xx_rcc.o
    0x080020d8   0x00000018   Code   RO         1520    i.RCC_APB2PeriphResetCmd  stm32f4xx_rcc.o
    0x080020f0   0x00000090   Code   RO         1527    i.RCC_GetClocksFreq  stm32f4xx_rcc.o
    0x08002180   0x00000034   Code   RO         1528    i.RCC_GetFlagStatus  stm32f4xx_rcc.o
    0x080021b4   0x00000014   Code   RO         1538    i.RCC_LTDCCLKDivConfig  stm32f4xx_rcc.o
    0x080021c8   0x0000000c   Code   RO         1547    i.RCC_PLLSAICmd     stm32f4xx_rcc.o
    0x080021d4   0x00000014   Code   RO         1548    i.RCC_PLLSAIConfig  stm32f4xx_rcc.o
    0x080021e8   0x00000210   Code   RO         3482    i.SDRAM_GPIOConfig  stm32f429i_discovery_sdram.o
    0x080023f8   0x0000005c   Code   RO         3483    i.SDRAM_Init        stm32f429i_discovery_sdram.o
    0x08002454   0x000000b4   Code   RO         3484    i.SDRAM_InitSequence  stm32f429i_discovery_sdram.o
    0x08002508   0x00000014   Code   RO         2194    i.SPI_Cmd           stm32f4xx_spi.o
    0x0800251c   0x00000084   Code   RO         2201    i.SPI_I2S_DeInit    stm32f4xx_spi.o
    0x080025a0   0x0000000e   Code   RO         2202    i.SPI_I2S_GetFlagStatus  stm32f4xx_spi.o
    0x080025ae   0x00000004   Code   RO         2206    i.SPI_I2S_SendData  stm32f4xx_spi.o
    0x080025b2   0x00000038   Code   RO         2207    i.SPI_Init          stm32f4xx_spi.o
    0x080025ea   0x00000002   PAD
    0x080025ec   0x0000009c   Code   RO         2773    i.STM_EVAL_PBInit   stm32f429i_discovery.o
    0x08002688   0x00000028   Code   RO         2671    i.SYSCFG_EXTILineConfig  stm32f4xx_syscfg.o
    0x080026b0   0x000000d0   Code   RO           12    i.SetSysClock       system_stm32f4xx.o
    0x08002780   0x0000005c   Code   RO           14    i.SystemInit        system_stm32f4xx.o
    0x080027dc   0x00000064   Code   RO          259    i.USART1_IRQHandler  usartlib.o
    0x08002840   0x00000014   Code   RO         2356    i.USART_Cmd         stm32f4xx_usart.o
    0x08002854   0x0000003e   Code   RO         2360    i.USART_GetITStatus  stm32f4xx_usart.o
    0x08002892   0x00000030   Code   RO         2362    i.USART_ITConfig    stm32f4xx_usart.o
    0x080028c2   0x00000002   PAD
    0x080028c4   0x000000b8   Code   RO         2363    i.USART_Init        stm32f4xx_usart.o
    0x0800297c   0x00000008   Code   RO         2370    i.USART_ReceiveData  stm32f4xx_usart.o
    0x08002984   0x00000010   Code   RO          261    i.USART_StartReceive  usartlib.o
    0x08002994   0x00000016   Code   RO         2379    i.USART_StructInit  stm32f4xx_usart.o
    0x080029aa   0x00000002   PAD
    0x080029ac   0x00000238   Code   RO          159    i.UpdateSats        main.o
    0x08002be4   0x0000003a   Code   RO          316    i.cpy_left_from     gps.o
    0x08002c1e   0x00000026   Code   RO          317    i.cpy_left_to       gps.o
    0x08002c44   0x00000016   Code   RO          161    i.delay             main.o
    0x08002c5a   0x00000012   Code   RO         3209    i.delay             stm32f429i_discovery_lcd.o
    0x08002c6c   0x0000001c   Code   RO          360    i.fputc             swo.o
    0x08002c88   0x000000b4   Code   RO          162    i.main              main.o
    0x08002d3c   0x0000002c   Code   RO         3640    locale$$code        c_w.l(lc_ctype_c.o)
    0x08002d68   0x0000000a   Code   RO         3706    x$fpl$fpinit        fz_wm.l(fpinit.o)
    0x08002d72   0x00000002   PAD
    0x08002d74   0x00001c20   Data   RO          164    .constdata          main.o
    0x08004994   0x00000018   Data   RO         2778    .constdata          stm32f429i_discovery.o
    0x080049ac   0x000011d0   Data   RO         3210    .constdata          stm32f429i_discovery_lcd.o
    0x08005b7c   0x00000900   Data   RO         3211    .constdata          stm32f429i_discovery_lcd.o
    0x0800647c   0x00000600   Data   RO         3213    .constdata          stm32f429i_discovery_lcd.o
    0x08006a7c   0x00000020   Data   RO         3773    Region$$Table       anon$$obj.o
    0x08006a9c   0x00000110   Data   RO         3639    locale$$data        c_w.l(lc_ctype_c.o)


    Execution Region RW_IRAM1 (Base: 0x20000000, Size: 0x00000808, Max: 0x00030000, ABSOLUTE)

    Base Addr    Size         Type   Attr      Idx    E Section Name        Object

    0x20000000   0x00000004   Data   RW          165    .data               main.o
    0x20000004   0x0000000c   Data   RW          264    .data               usartlib.o
    0x20000010   0x00000010   Data   RW          319    .data               gps.o
    0x20000020   0x00000004   Data   RW          361    .data               swo.o
    0x20000024   0x00000010   Data   RW         1558    .data               stm32f4xx_rcc.o
    0x20000034   0x00000010   Data   RW         2779    .data               stm32f429i_discovery.o
    0x20000044   0x00000010   Data   RW         2850    .data               stm32f429i_discovery_i2c_ee.o
    0x20000054   0x00000018   Data   RW         3214    .data               stm32f429i_discovery_lcd.o
    0x2000006c   0x00000008   Data   RW         3215    .data               stm32f429i_discovery_lcd.o
    0x20000074   0x00000008   Data   RW         3217    .data               stm32f429i_discovery_lcd.o
    0x2000007c   0x00000061   Zero   RW          263    .bss                usartlib.o
    0x200000dd   0x00000003   PAD
    0x200000e0   0x000000c8   Zero   RW          318    .bss                gps.o
    0x200001a8   0x00000060   Zero   RW         3601    .bss                c_w.l(libspace.o)
    0x20000208   0x00000200   Zero   RW            2    HEAP                startup_stm32f429_439xx.o
    0x20000408   0x00000400   Zero   RW            1    STACK               startup_stm32f429_439xx.o


==============================================================================

Image component sizes


      Code (inc. data)   RO Data    RW Data    ZI Data      Debug   Object Name

       612         70          0         16        200       3828   gps.o
      1762        228       7200          4          0       7092   main.o
       100          8          0          0          0        864   misc.o
        64         26        428          0       1536        820   startup_stm32f429_439xx.o
       156         10         24         16          0       1884   stm32f429i_discovery.o
       176         36          0         16          0       2101   stm32f429i_discovery_i2c_ee.o
      2316        140       8400         40          0      15590   stm32f429i_discovery_lcd.o
       800         30          0          0          0       2653   stm32f429i_discovery_sdram.o
       116         24          0          0          0       2798   stm32f4xx_dma.o
       240         18          0          0          0       2632   stm32f4xx_dma2d.o
       112          4          0          0          0        904   stm32f4xx_exti.o
       326         16          0          0          0       3123   stm32f4xx_fmc.o
       230          0          0          0          0       3489   stm32f4xx_gpio.o
        62          0          0          0          0       1543   stm32f4xx_i2c.o
       526         34          0          0          0       4984   stm32f4xx_ltdc.o
       392         70          0         16          0       8004   stm32f4xx_rcc.o
       226         24          0          0          0       3245   stm32f4xx_spi.o
        40          6          0          0          0        576   stm32f4xx_syscfg.o
       344         10          0          0          0       4217   stm32f4xx_usart.o
        28          6          0          4          0       2114   swo.o
       300         36          0          0          0     325985   system_stm32f4xx.o
       284         38          0         12         97      28771   usartlib.o

    ----------------------------------------------------------------------
      9228        834      16084        124       1836     427217   Object Totals
         0          0         32          0          0          0   (incl. Generated)
        16          0          0          0          3          0   (incl. Padding)

    ----------------------------------------------------------------------

      Code (inc. data)   RO Data    RW Data    ZI Data      Debug   Library Member Name

         8          0          0          0          0         68   __main.o
       104          0          0          0          0         84   __printf.o
        52          8          0          0          0          0   __scatter.o
        26          0          0          0          0          0   __scatter_copy.o
        28          0          0          0          0          0   __scatter_zi.o
        28          0          0          0          0         68   _chval.o
        44          0          0          0          0        108   _printf_char.o
        48          6          0          0          0         96   _printf_char_common.o
        36          4          0          0          0         80   _printf_char_file.o
         6          0          0          0          0          0   _printf_d.o
       120         18          0          0          0         92   _printf_dec.o
       184          0          0          0          0         88   _printf_intcommon.o
         0          0          0          0          0          0   _printf_percent.o
         4          0          0          0          0          0   _printf_percent_end.o
         6          0          0          0          0          0   _printf_s.o
        82          0          0          0          0         80   _printf_str.o
        10          0          0          0          0         68   _sputc.o
       158          0          0          0          0         92   _strtoul.o
        26          0          0          0          0         80   atoi.o
        12          0          0          0          0         72   exit.o
         8          0          0          0          0         68   ferror.o
         6          0          0          0          0        152   heapauxi.o
         0          0          0          0          0          0   indicate_semi.o
        44         10        272          0          0         76   lc_ctype_c.o
         2          0          0          0          0          0   libinit.o
        24          0          0          0          0          0   libinit2.o
         2          0          0          0          0          0   libshutdown.o
         2          0          0          0          0          0   libshutdown2.o
         8          4          0          0         96         68   libspace.o
        24          4          0          0          0         84   noretval__2printf.o
        40          6          0          0          0         84   noretval__2sprintf.o
        16          4          0          0          0         76   rt_ctype_table.o
         8          4          0          0          0         68   rt_errno_addr_intlibspace.o
         8          4          0          0          0         68   rt_locale_intlibspace.o
        68          0          0          0          0         68   rt_memclr.o
        78          0          0          0          0         80   rt_memclr_w.o
         0          0          0          0          0          0   rtentry.o
        12          0          0          0          0          0   rtentry2.o
         6          0          0          0          0          0   rtentry4.o
         2          0          0          0          0          0   rtexit.o
        10          0          0          0          0          0   rtexit2.o
        24          0          0          0          0         68   strcat.o
       128          0          0          0          0         68   strcmpv7m.o
        72          0          0          0          0         80   strcpy.o
        62          0          0          0          0         76   strlen.o
        86          0          0          0          0         76   strncpy.o
        36          0          0          0          0         80   strstr.o
       112          0          0          0          0         88   strtol.o
        12          4          0          0          0         68   sys_exit.o
        74          0          0          0          0         80   sys_stackheap_outer.o
         2          0          0          0          0         68   use_no_semi.o
        10          0          0          0          0        116   fpinit.o

    ----------------------------------------------------------------------
      1980         76        272          0         96       2836   Library Totals
        12          0          0          0          0          0   (incl. Padding)

    ----------------------------------------------------------------------

      Code (inc. data)   RO Data    RW Data    ZI Data      Debug   Library Name

      1958         76        272          0         96       2720   c_w.l
        10          0          0          0          0        116   fz_wm.l

    ----------------------------------------------------------------------
      1980         76        272          0         96       2836   Library Totals

    ----------------------------------------------------------------------

==============================================================================


      Code (inc. data)   RO Data    RW Data    ZI Data      Debug   

     11208        910      16356        124       1932     419189   Grand Totals
     11208        910      16356        124       1932     419189   ELF Image Totals
     11208        910      16356        124          0          0   ROM Totals

==============================================================================

    Total RO  Size (Code + RO Data)                27564 (  26.92kB)
    Total RW  Size (RW Data + ZI Data)              2056 (   2.01kB)
    Total ROM Size (Code + RO Data + RW Data)      27688 (  27.04kB)

==============================================================================

